============================================================
Building All Files Converter AI - Optimized Build
============================================================


Building with optimized collection (excludes CUDA, tests, unused models)...
This will take 5-8 minutes...

772 INFO: PyInstaller: 6.21.0, contrib hooks: 2026.6
772 INFO: Python: 3.10.11
823 INFO: Platform: Windows-10-10.0.19045-SP0
824 INFO: Python environment: I:\source-code\.venv
827 INFO: wrote I:\source-code\AllFilesConverterAI.spec
36803 INFO: Module search paths (PYTHONPATH):
['I:\\source-code\\.venv\\Scripts\\pyinstaller.exe',
 'C:\\Users\\BAHADUR_ALI\\AppData\\Local\\Programs\\Python\\Python310\\python310.zip',
 'C:\\Users\\BAHADUR_ALI\\AppData\\Local\\Programs\\Python\\Python310\\DLLs',
 'C:\\Users\\BAHADUR_ALI\\AppData\\Local\\Programs\\Python\\Python310\\lib',
 'C:\\Users\\BAHADUR_ALI\\AppData\\Local\\Programs\\Python\\Python310',
 'I:\\source-code\\.venv',
 'I:\\source-code\\.venv\\lib\\site-packages',
 'I:\\source-code\\.venv\\lib\\site-packages\\win32',
 'I:\\source-code\\.venv\\lib\\site-packages\\win32\\lib',
 'I:\\source-code\\.venv\\lib\\site-packages\\pythonwin',
 'I:\\source-code']
357 WARNING: qt_material must be imported after PySide or PyQt!
37557 INFO: Appending 'datas' from .spec
38386 INFO: checking Analysis
38386 INFO: Building Analysis because Analysis-00.toc is non existent
38386 INFO: Looking for Python shared library...
38387 INFO: Using Python shared library: C:\Users\BAHADUR_ALI\AppData\Local\Programs\Python\Python310\python310.dll
38387 INFO: Running Analysis Analysis-00.toc
38387 INFO: Target bytecode optimization level: 0
38387 INFO: Initializing module dependency graph...
38389 INFO: Initializing module graph hook caches...
38520 INFO: Analyzing modules for base_library.zip ...
39692 INFO: Processing standard module hook 'hook-heapq.py' from 'I:\\source-code\\.venv\\lib\\site-packages\\PyInstaller\\hooks'
39818 INFO: Processing standard module hook 'hook-encodings.py' from 'I:\\source-code\\.venv\\lib\\site-packages\\PyInstaller\\hooks'
40775 INFO: Processing standard module hook 'hook-math.py' from 'I:\\source-code\\.venv\\lib\\site-packages\\PyInstaller\\hooks'
40851 INFO: Processing standard module hook 'hook-pickle.py' from 'I:\\source-code\\.venv\\lib\\site-packages\\PyInstaller\\hooks'
41908 INFO: Processing standard module hook 'hook-unicodedata.py' from 'I:\\source-code\\hooks'
45780 INFO: Caching module dependency graph...
45950 INFO: Analyzing I:\source-code\main.py
45965 INFO: Processing standard module hook 'hook-PySide6.py' from 'I:\\source-code\\.venv\\lib\\site-packages\\PyInstaller\\hooks'
47018 INFO: Processing standard module hook 'hook-shiboken6.py' from 'I:\\source-code\\.venv\\lib\\site-packages\\PyInstaller\\hooks'
47742 INFO: Processing standard module hook 'hook-PySide6.QtNetwork.py' from 'I:\\source-code\\.venv\\lib\\site-packages\\PyInstaller\\hooks'
54517 INFO: Processing standard module hook 'hook-PySide6.QtCore.py' from 'I:\\source-code\\.venv\\lib\\site-packages\\PyInstaller\\hooks'
62167 INFO: Processing standard module hook 'hook-PySide6.QtWidgets.py' from 'I:\\source-code\\.venv\\lib\\site-packages\\PyInstaller\\hooks'
72474 INFO: Processing standard module hook 'hook-PySide6.QtGui.py' from 'I:\\source-code\\.venv\\lib\\site-packages\\PyInstaller\\hooks'
111300 INFO: Processing standard module hook 'hook-imageio_ffmpeg.py' from 'I:\\source-code\\.venv\\lib\\site-packages\\_pyinstaller_hooks_contrib\\stdhooks'
111370 INFO: Processing standard module hook 'hook-platform.py' from 'I:\\source-code\\.venv\\lib\\site-packages\\PyInstaller\\hooks'
111835 INFO: Processing standard module hook 'hook-docx.py' from 'I:\\source-code\\.venv\\lib\\site-packages\\_pyinstaller_hooks_contrib\\stdhooks'
112203 INFO: Processing pre-safe-import-module hook 'hook-typing_extensions.py' from 'I:\\source-code\\.venv\\lib\\site-packages\\PyInstaller\\hooks\\pre_safe_import_module'
112209 INFO: SetuptoolsInfo: initializing cached setuptools info...
114717 INFO: Processing standard module hook 'hook-multiprocessing.util.py' from 'I:\\source-code\\.venv\\lib\\site-packages\\PyInstaller\\hooks'
115324 INFO: Processing standard module hook 'hook-xml.py' from 'I:\\source-code\\.venv\\lib\\site-packages\\PyInstaller\\hooks'
115996 INFO: Processing standard module hook 'hook-_ctypes.py' from 'I:\\source-code\\.venv\\lib\\site-packages\\PyInstaller\\hooks'
116753 INFO: Processing standard module hook 'hook-lxml.py' from 'I:\\source-code\\.venv\\lib\\site-packages\\_pyinstaller_hooks_contrib\\stdhooks'
117636 INFO: Processing standard module hook 'hook-lxml.etree.py' from 'I:\\source-code\\.venv\\lib\\site-packages\\_pyinstaller_hooks_contrib\\stdhooks'
120439 INFO: Processing standard module hook 'hook-xml.dom.domreg.py' from 'I:\\source-code\\.venv\\lib\\site-packages\\PyInstaller\\hooks'
122105 INFO: Processing standard module hook 'hook-PIL.py' from 'I:\\source-code\\.venv\\lib\\site-packages\\PyInstaller\\hooks'
122483 INFO: Processing standard module hook 'hook-PIL.Image.py' from 'I:\\source-code\\.venv\\lib\\site-packages\\PyInstaller\\hooks'
123899 INFO: Processing standard module hook 'hook-numpy.py' from 'I:\\source-code\\.venv\\lib\\site-packages\\PyInstaller\\hooks'
125021 INFO: Processing standard module hook 'hook-sysconfig.py' from 'I:\\source-code\\.venv\\lib\\site-packages\\PyInstaller\\hooks'
125415 INFO: Processing standard module hook 'hook-webbrowser.py' from 'I:\\source-code\\.venv\\lib\\site-packages\\PyInstaller\\hooks'
126654 INFO: Processing standard module hook 'hook-difflib.py' from 'I:\\source-code\\.venv\\lib\\site-packages\\PyInstaller\\hooks'
127381 INFO: Processing standard module hook 'hook-psutil.py' from 'I:\\source-code\\.venv\\lib\\site-packages\\_pyinstaller_hooks_contrib\\stdhooks'
130976 INFO: Processing standard module hook 'hook-charset_normalizer.py' from 'I:\\source-code\\.venv\\lib\\site-packages\\_pyinstaller_hooks_contrib\\stdhooks'
132403 INFO: Processing standard module hook 'hook-xml.etree.cElementTree.py' from 'I:\\source-code\\.venv\\lib\\site-packages\\PyInstaller\\hooks'
133360 INFO: Processing standard module hook 'hook-PIL.ImageFilter.py' from 'I:\\source-code\\.venv\\lib\\site-packages\\PyInstaller\\hooks'
135120 INFO: Processing standard module hook 'hook-reportlab.lib.utils.py' from 'I:\\source-code\\.venv\\lib\\site-packages\\_pyinstaller_hooks_contrib\\stdhooks'
135352 INFO: Processing standard module hook 'hook-reportlab.pdfbase._fontdata.py' from 'I:\\source-code\\.venv\\lib\\site-packages\\_pyinstaller_hooks_contrib\\stdhooks'
146536 INFO: Processing standard module hook 'hook-openpyxl.py' from 'I:\\source-code\\.venv\\lib\\site-packages\\_pyinstaller_hooks_contrib\\stdhooks'
149878 INFO: Processing standard module hook 'hook-pptx.py' from 'I:\\source-code\\.venv\\lib\\site-packages\\_pyinstaller_hooks_contrib\\stdhooks'
152852 INFO: Processing pre-safe-import-module hook 'hook-packaging.py' from 'I:\\source-code\\.venv\\lib\\site-packages\\PyInstaller\\hooks\\pre_safe_import_module'
154635 INFO: Processing standard module hook 'hook-pandas.py' from 'I:\\source-code\\.venv\\lib\\site-packages\\PyInstaller\\hooks'
158781 INFO: Processing standard module hook 'hook-pytz.py' from 'I:\\source-code\\.venv\\lib\\site-packages\\PyInstaller\\hooks'
165501 INFO: Processing standard module hook 'hook-pandas.io.formats.style.py' from 'I:\\source-code\\.venv\\lib\\site-packages\\PyInstaller\\hooks'
173541 INFO: Processing standard module hook 'hook-pandas.plotting.py' from 'I:\\source-code\\.venv\\lib\\site-packages\\PyInstaller\\hooks'
175861 INFO: Processing standard module hook 'hook-sqlite3.py' from 'I:\\source-code\\.venv\\lib\\site-packages\\PyInstaller\\hooks'
176738 INFO: Processing standard module hook 'hook-pandas.io.clipboard.py' from 'I:\\source-code\\.venv\\lib\\site-packages\\PyInstaller\\hooks'
177374 INFO: Processing standard module hook 'hook-dateutil.py' from 'I:\\source-code\\.venv\\lib\\site-packages\\_pyinstaller_hooks_contrib\\stdhooks'
177881 INFO: Processing pre-safe-import-module hook 'hook-six.moves.py' from 'I:\\source-code\\.venv\\lib\\site-packages\\PyInstaller\\hooks\\pre_safe_import_module'
178591 INFO: Processing standard module hook 'hook-fsspec.py' from 'I:\\source-code\\.venv\\lib\\site-packages\\_pyinstaller_hooks_contrib\\stdhooks'
180000 INFO: Processing pre-safe-import-module hook 'hook-importlib_resources.py' from 'I:\\source-code\\.venv\\lib\\site-packages\\PyInstaller\\hooks\\pre_safe_import_module'
180964 INFO: Processing pre-safe-import-module hook 'hook-backports.py' from 'I:\\source-code\\.venv\\lib\\site-packages\\PyInstaller\\hooks\\pre_safe_import_module'
180967 INFO: Setuptools: 'backports' appears to be a full setuptools-vendored copy - creating alias to 'setuptools._vendor.backports'!
180982 INFO: Processing standard module hook 'hook-setuptools.py' from 'I:\\source-code\\.venv\\lib\\site-packages\\PyInstaller\\hooks'
181069 INFO: Processing pre-safe-import-module hook 'hook-distutils.py' from 'I:\\source-code\\.venv\\lib\\site-packages\\PyInstaller\\hooks\\pre_safe_import_module'
181071 INFO: Processing pre-find-module-path hook 'hook-distutils.py' from 'I:\\source-code\\.venv\\lib\\site-packages\\PyInstaller\\hooks\\pre_find_module_path'
181963 INFO: Processing standard module hook 'hook-distutils.py' from 'I:\\source-code\\.venv\\lib\\site-packages\\PyInstaller\\hooks'
182020 INFO: Processing standard module hook 'hook-distutils.util.py' from 'I:\\source-code\\.venv\\lib\\site-packages\\PyInstaller\\hooks'
182125 INFO: Processing standard module hook 'hook-_osx_support.py' from 'I:\\source-code\\.venv\\lib\\site-packages\\PyInstaller\\hooks'
182644 INFO: Processing pre-safe-import-module hook 'hook-jaraco.py' from 'I:\\source-code\\.venv\\lib\\site-packages\\PyInstaller\\hooks\\pre_safe_import_module'
182646 INFO: Setuptools: 'jaraco' appears to be a full setuptools-vendored copy - creating alias to 'setuptools._vendor.jaraco'!
182666 INFO: Processing standard module hook 'hook-setuptools._vendor.jaraco.text.py' from 'I:\\source-code\\.venv\\lib\\site-packages\\PyInstaller\\hooks'
183124 INFO: Processing pre-safe-import-module hook 'hook-more_itertools.py' from 'I:\\source-code\\.venv\\lib\\site-packages\\PyInstaller\\hooks\\pre_safe_import_module'
183125 INFO: Setuptools: 'more_itertools' appears to be a setuptools-vendored copy - creating alias to 'setuptools._vendor.more_itertools'!
184164 INFO: Processing pre-safe-import-module hook 'hook-tomli.py' from 'I:\\source-code\\.venv\\lib\\site-packages\\PyInstaller\\hooks\\pre_safe_import_module'
186737 INFO: Processing pre-safe-import-module hook 'hook-wheel.py' from 'I:\\source-code\\.venv\\lib\\site-packages\\PyInstaller\\hooks\\pre_safe_import_module'
186741 INFO: Setuptools: 'wheel' appears to be a setuptools-vendored copy - creating alias to 'setuptools._vendor.wheel'!
194219 INFO: Processing pre-safe-import-module hook 'hook-win32com.py' from 'I:\\source-code\\.venv\\lib\\site-packages\\_pyinstaller_hooks_contrib\\pre_safe_import_module'
194498 INFO: Processing standard module hook 'hook-win32com.py' from 'I:\\source-code\\.venv\\lib\\site-packages\\_pyinstaller_hooks_contrib\\stdhooks'
194524 INFO: Processing standard module hook 'hook-pythoncom.py' from 'I:\\source-code\\.venv\\lib\\site-packages\\_pyinstaller_hooks_contrib\\stdhooks'
194768 INFO: Processing standard module hook 'hook-pywintypes.py' from 'I:\\source-code\\.venv\\lib\\site-packages\\_pyinstaller_hooks_contrib\\stdhooks'
197416 INFO: Processing standard module hook 'hook-imageio.py' from 'I:\\source-code\\.venv\\lib\\site-packages\\_pyinstaller_hooks_contrib\\stdhooks'
200947 INFO: Processing standard module hook 'hook-certifi.py' from 'I:\\source-code\\.venv\\lib\\site-packages\\_pyinstaller_hooks_contrib\\stdhooks'
201226 INFO: Processing standard module hook 'hook-anyio.py' from 'I:\\source-code\\.venv\\lib\\site-packages\\_pyinstaller_hooks_contrib\\stdhooks'
204079 INFO: Processing standard module hook 'hook-pygments.py' from 'I:\\source-code\\.venv\\lib\\site-packages\\PyInstaller\\hooks'
206654 INFO: Processing standard module hook 'hook-rich.py' from 'I:\\source-code\\.venv\\lib\\site-packages\\_pyinstaller_hooks_contrib\\stdhooks'
211022 INFO: Processing standard module hook 'hook-pydantic.py' from 'I:\\source-code\\.venv\\lib\\site-packages\\_pyinstaller_hooks_contrib\\stdhooks'
212881 INFO: Processing standard module hook 'hook-zoneinfo.py' from 'I:\\source-code\\.venv\\lib\\site-packages\\_pyinstaller_hooks_contrib\\stdhooks'
217304 INFO: Processing standard module hook 'hook-jinja2.py' from 'I:\\source-code\\.venv\\lib\\site-packages\\_pyinstaller_hooks_contrib\\stdhooks'
218203 INFO: Processing standard module hook 'hook-torch.py' from 'I:\\source-code\\.venv\\lib\\site-packages\\_pyinstaller_hooks_contrib\\stdhooks'
4342 WARNING: Failed to collect submodules for 'torch.utils.tensorboard' because importing 'torch.utils.tensorboard' raised: ModuleNotFoundError: No module named 'tensorboard'
I:\source-code\.venv\lib\site-packages\PyInstaller\utils\hooks\__init__.py:665: DeprecationWarning: `torch.distributed._sharding_spec` will be deprecated, use `torch.distributed._shard.sharding_spec` instead
  __import__(name)
I:\source-code\.venv\lib\site-packages\PyInstaller\utils\hooks\__init__.py:665: DeprecationWarning: `torch.distributed._sharded_tensor` will be deprecated, use `torch.distributed._shard.sharded_tensor` instead
  __import__(name)
I:\source-code\.venv\lib\site-packages\PyInstaller\utils\hooks\__init__.py:665: DeprecationWarning: `torch.distributed._shard.checkpoint` will be deprecated, use `torch.distributed.checkpoint` instead
  __import__(name)
250989 INFO: hook-torch: this torch build does not depend on MKL...
293950 INFO: Processing standard module hook 'hook-torchvision.py' from 'I:\\source-code\\.venv\\lib\\site-packages\\_pyinstaller_hooks_contrib\\stdhooks'
294222 INFO: Processing standard module hook 'hook-torchvision.io.image.py' from 'I:\\source-code\\.venv\\lib\\site-packages\\_pyinstaller_hooks_contrib\\stdhooks'

============================================================
BUILD COMPLETE!
============================================================

EXE Location: dist\AllFilesConverterAI\AllFilesConverterAI.exe

To run:
  cd dist\AllFilesConverterAI
  AllFilesConverterAI.exe

Press any key to continue . . . 
