============================================================
Building All Files Converter AI - Optimized Build
============================================================


Building with optimized collection (excludes CUDA, tests, unused models)...
This will take 5-8 minutes...

659 INFO: PyInstaller: 6.21.0, contrib hooks: 2026.6
660 INFO: Python: 3.10.11
719 INFO: Platform: Windows-10-10.0.19045-SP0
719 INFO: Python environment: I:\source-code\.venv
723 INFO: wrote I:\source-code\AllFilesConverterAI.spec
52348 INFO: Module search paths (PYTHONPATH):
['I:\\source-code\\.venv\\Scripts\\pyinstaller.exe',
 'C:\\Users\\BAHADUR_ALI\\AppData\\Local\\Programs\\Python\\Python310\\python310.zip',
 'C:\\Users\\BAHADUR_ALI\\AppData\\Local\\Programs\\Python\\Python310\\DLLs',
 'C:\\Users\\BAHADUR_ALI\\AppData\\Local\\Programs\\Python\\Python310\\lib',
 'C:\\Users\\BAHADUR_ALI\\AppData\\Local\\Programs\\Python\\Python310',
 'I:\\source-code\\.venv',
 'I:\\source-code\\.venv\\lib\\site-packages',
 'I:\\source-code\\.venv\\lib\\site-packages\\win32',
 'I:\\source-code\\.venv\\lib\\site-packages\\win32\\lib',
 'I:\\source-code\\.venv\\lib\\site-packages\\pythonwin',
 'I:\\source-code']
527 WARNING: qt_material must be imported after PySide or PyQt!
53409 INFO: Appending 'datas' from .spec
53677 INFO: checking Analysis
53677 INFO: Building Analysis because Analysis-00.toc is non existent
53677 INFO: Looking for Python shared library...
53678 INFO: Using Python shared library: C:\Users\BAHADUR_ALI\AppData\Local\Programs\Python\Python310\python310.dll
53678 INFO: Running Analysis Analysis-00.toc
53678 INFO: Target bytecode optimization level: 0
53678 INFO: Initializing module dependency graph...
53682 INFO: Initializing module graph hook caches...
53852 INFO: Analyzing modules for base_library.zip ...
55467 INFO: Processing standard module hook 'hook-heapq.py' from 'I:\\source-code\\.venv\\lib\\site-packages\\PyInstaller\\hooks'
55640 INFO: Processing standard module hook 'hook-encodings.py' from 'I:\\source-code\\.venv\\lib\\site-packages\\PyInstaller\\hooks'
56897 INFO: Processing standard module hook 'hook-math.py' from 'I:\\source-code\\.venv\\lib\\site-packages\\PyInstaller\\hooks'
57866 INFO: Processing standard module hook 'hook-unicodedata.py' from 'I:\\source-code\\hooks'
59770 INFO: Processing standard module hook 'hook-pickle.py' from 'I:\\source-code\\.venv\\lib\\site-packages\\PyInstaller\\hooks'
62527 INFO: Caching module dependency graph...
62677 INFO: Analyzing I:\source-code\main.py
62693 INFO: Processing standard module hook 'hook-PySide6.py' from 'I:\\source-code\\.venv\\lib\\site-packages\\PyInstaller\\hooks'
63317 INFO: Processing standard module hook 'hook-shiboken6.py' from 'I:\\source-code\\.venv\\lib\\site-packages\\PyInstaller\\hooks'
63789 INFO: Processing standard module hook 'hook-PySide6.QtNetwork.py' from 'I:\\source-code\\.venv\\lib\\site-packages\\PyInstaller\\hooks'
68590 INFO: Processing standard module hook 'hook-PySide6.QtCore.py' from 'I:\\source-code\\.venv\\lib\\site-packages\\PyInstaller\\hooks'
73953 INFO: Processing standard module hook 'hook-PySide6.QtWidgets.py' from 'I:\\source-code\\.venv\\lib\\site-packages\\PyInstaller\\hooks'
79906 INFO: Processing standard module hook 'hook-PySide6.QtGui.py' from 'I:\\source-code\\.venv\\lib\\site-packages\\PyInstaller\\hooks'
116756 INFO: Processing standard module hook 'hook-imageio_ffmpeg.py' from 'I:\\source-code\\.venv\\lib\\site-packages\\_pyinstaller_hooks_contrib\\stdhooks'
116818 INFO: Processing standard module hook 'hook-platform.py' from 'I:\\source-code\\.venv\\lib\\site-packages\\PyInstaller\\hooks'
117233 INFO: Processing standard module hook 'hook-docx.py' from 'I:\\source-code\\.venv\\lib\\site-packages\\_pyinstaller_hooks_contrib\\stdhooks'
117572 INFO: Processing pre-safe-import-module hook 'hook-typing_extensions.py' from 'I:\\source-code\\.venv\\lib\\site-packages\\PyInstaller\\hooks\\pre_safe_import_module'
117577 INFO: SetuptoolsInfo: initializing cached setuptools info...
120111 INFO: Processing standard module hook 'hook-multiprocessing.util.py' from 'I:\\source-code\\.venv\\lib\\site-packages\\PyInstaller\\hooks'
120397 INFO: Processing standard module hook 'hook-xml.py' from 'I:\\source-code\\.venv\\lib\\site-packages\\PyInstaller\\hooks'
121007 INFO: Processing standard module hook 'hook-_ctypes.py' from 'I:\\source-code\\.venv\\lib\\site-packages\\PyInstaller\\hooks'
122397 INFO: Processing standard module hook 'hook-lxml.py' from 'I:\\source-code\\.venv\\lib\\site-packages\\_pyinstaller_hooks_contrib\\stdhooks'
123852 INFO: Processing standard module hook 'hook-lxml.etree.py' from 'I:\\source-code\\.venv\\lib\\site-packages\\_pyinstaller_hooks_contrib\\stdhooks'
127229 INFO: Processing standard module hook 'hook-xml.dom.domreg.py' from 'I:\\source-code\\.venv\\lib\\site-packages\\PyInstaller\\hooks'
128803 INFO: Processing standard module hook 'hook-PIL.py' from 'I:\\source-code\\.venv\\lib\\site-packages\\PyInstaller\\hooks'
129256 INFO: Processing standard module hook 'hook-PIL.Image.py' from 'I:\\source-code\\.venv\\lib\\site-packages\\PyInstaller\\hooks'
130777 INFO: Processing standard module hook 'hook-numpy.py' from 'I:\\source-code\\.venv\\lib\\site-packages\\PyInstaller\\hooks'
132892 INFO: Processing standard module hook 'hook-sysconfig.py' from 'I:\\source-code\\.venv\\lib\\site-packages\\PyInstaller\\hooks'
133628 INFO: Processing standard module hook 'hook-webbrowser.py' from 'I:\\source-code\\.venv\\lib\\site-packages\\PyInstaller\\hooks'
135935 INFO: Processing standard module hook 'hook-difflib.py' from 'I:\\source-code\\.venv\\lib\\site-packages\\PyInstaller\\hooks'
137186 INFO: Processing standard module hook 'hook-psutil.py' from 'I:\\source-code\\.venv\\lib\\site-packages\\_pyinstaller_hooks_contrib\\stdhooks'
144327 INFO: Processing standard module hook 'hook-charset_normalizer.py' from 'I:\\source-code\\.venv\\lib\\site-packages\\_pyinstaller_hooks_contrib\\stdhooks'
146796 INFO: Processing standard module hook 'hook-xml.etree.cElementTree.py' from 'I:\\source-code\\.venv\\lib\\site-packages\\PyInstaller\\hooks'
148518 INFO: Processing standard module hook 'hook-PIL.ImageFilter.py' from 'I:\\source-code\\.venv\\lib\\site-packages\\PyInstaller\\hooks'
152555 INFO: Processing standard module hook 'hook-reportlab.lib.utils.py' from 'I:\\source-code\\.venv\\lib\\site-packages\\_pyinstaller_hooks_contrib\\stdhooks'
153072 INFO: Processing standard module hook 'hook-reportlab.pdfbase._fontdata.py' from 'I:\\source-code\\.venv\\lib\\site-packages\\_pyinstaller_hooks_contrib\\stdhooks'
174236 INFO: Processing standard module hook 'hook-openpyxl.py' from 'I:\\source-code\\.venv\\lib\\site-packages\\_pyinstaller_hooks_contrib\\stdhooks'
179552 INFO: Processing standard module hook 'hook-pptx.py' from 'I:\\source-code\\.venv\\lib\\site-packages\\_pyinstaller_hooks_contrib\\stdhooks'
184704 INFO: Processing pre-safe-import-module hook 'hook-packaging.py' from 'I:\\source-code\\.venv\\lib\\site-packages\\PyInstaller\\hooks\\pre_safe_import_module'
188493 INFO: Processing standard module hook 'hook-pandas.py' from 'I:\\source-code\\.venv\\lib\\site-packages\\PyInstaller\\hooks'
198740 INFO: Processing standard module hook 'hook-pytz.py' from 'I:\\source-code\\.venv\\lib\\site-packages\\PyInstaller\\hooks'
215814 INFO: Processing standard module hook 'hook-pandas.io.formats.style.py' from 'I:\\source-code\\.venv\\lib\\site-packages\\PyInstaller\\hooks'
225358 INFO: Processing standard module hook 'hook-pandas.plotting.py' from 'I:\\source-code\\.venv\\lib\\site-packages\\PyInstaller\\hooks'
230866 INFO: Processing standard module hook 'hook-sqlite3.py' from 'I:\\source-code\\.venv\\lib\\site-packages\\PyInstaller\\hooks'
233460 INFO: Processing standard module hook 'hook-pandas.io.clipboard.py' from 'I:\\source-code\\.venv\\lib\\site-packages\\PyInstaller\\hooks'
234774 INFO: Processing standard module hook 'hook-dateutil.py' from 'I:\\source-code\\.venv\\lib\\site-packages\\_pyinstaller_hooks_contrib\\stdhooks'
235749 INFO: Processing pre-safe-import-module hook 'hook-six.moves.py' from 'I:\\source-code\\.venv\\lib\\site-packages\\PyInstaller\\hooks\\pre_safe_import_module'
237591 INFO: Processing standard module hook 'hook-fsspec.py' from 'I:\\source-code\\.venv\\lib\\site-packages\\_pyinstaller_hooks_contrib\\stdhooks'
242323 INFO: Processing pre-safe-import-module hook 'hook-importlib_resources.py' from 'I:\\source-code\\.venv\\lib\\site-packages\\PyInstaller\\hooks\\pre_safe_import_module'
244275 INFO: Processing pre-safe-import-module hook 'hook-backports.py' from 'I:\\source-code\\.venv\\lib\\site-packages\\PyInstaller\\hooks\\pre_safe_import_module'
244279 INFO: Setuptools: 'backports' appears to be a full setuptools-vendored copy - creating alias to 'setuptools._vendor.backports'!
244348 INFO: Processing standard module hook 'hook-setuptools.py' from 'I:\\source-code\\.venv\\lib\\site-packages\\PyInstaller\\hooks'
244566 INFO: Processing pre-safe-import-module hook 'hook-distutils.py' from 'I:\\source-code\\.venv\\lib\\site-packages\\PyInstaller\\hooks\\pre_safe_import_module'
244570 INFO: Processing pre-find-module-path hook 'hook-distutils.py' from 'I:\\source-code\\.venv\\lib\\site-packages\\PyInstaller\\hooks\\pre_find_module_path'
246430 INFO: Processing standard module hook 'hook-distutils.py' from 'I:\\source-code\\.venv\\lib\\site-packages\\PyInstaller\\hooks'
246526 INFO: Processing standard module hook 'hook-distutils.util.py' from 'I:\\source-code\\.venv\\lib\\site-packages\\PyInstaller\\hooks'
246672 INFO: Processing standard module hook 'hook-_osx_support.py' from 'I:\\source-code\\.venv\\lib\\site-packages\\PyInstaller\\hooks'
248268 INFO: Processing pre-safe-import-module hook 'hook-jaraco.py' from 'I:\\source-code\\.venv\\lib\\site-packages\\PyInstaller\\hooks\\pre_safe_import_module'
248270 INFO: Setuptools: 'jaraco' appears to be a full setuptools-vendored copy - creating alias to 'setuptools._vendor.jaraco'!
248360 INFO: Processing standard module hook 'hook-setuptools._vendor.jaraco.text.py' from 'I:\\source-code\\.venv\\lib\\site-packages\\PyInstaller\\hooks'
249392 INFO: Processing pre-safe-import-module hook 'hook-more_itertools.py' from 'I:\\source-code\\.venv\\lib\\site-packages\\PyInstaller\\hooks\\pre_safe_import_module'
249400 INFO: Setuptools: 'more_itertools' appears to be a setuptools-vendored copy - creating alias to 'setuptools._vendor.more_itertools'!
252120 INFO: Processing pre-safe-import-module hook 'hook-tomli.py' from 'I:\\source-code\\.venv\\lib\\site-packages\\PyInstaller\\hooks\\pre_safe_import_module'
255701 INFO: Processing pre-safe-import-module hook 'hook-wheel.py' from 'I:\\source-code\\.venv\\lib\\site-packages\\PyInstaller\\hooks\\pre_safe_import_module'
255722 INFO: Setuptools: 'wheel' appears to be a setuptools-vendored copy - creating alias to 'setuptools._vendor.wheel'!
276887 INFO: Processing pre-safe-import-module hook 'hook-win32com.py' from 'I:\\source-code\\.venv\\lib\\site-packages\\_pyinstaller_hooks_contrib\\pre_safe_import_module'
277601 INFO: Processing standard module hook 'hook-win32com.py' from 'I:\\source-code\\.venv\\lib\\site-packages\\_pyinstaller_hooks_contrib\\stdhooks'
277617 INFO: Processing standard module hook 'hook-pythoncom.py' from 'I:\\source-code\\.venv\\lib\\site-packages\\_pyinstaller_hooks_contrib\\stdhooks'
278199 INFO: Processing standard module hook 'hook-pywintypes.py' from 'I:\\source-code\\.venv\\lib\\site-packages\\_pyinstaller_hooks_contrib\\stdhooks'
283816 INFO: Processing standard module hook 'hook-imageio.py' from 'I:\\source-code\\.venv\\lib\\site-packages\\_pyinstaller_hooks_contrib\\stdhooks'
296852 INFO: Processing standard module hook 'hook-certifi.py' from 'I:\\source-code\\.venv\\lib\\site-packages\\_pyinstaller_hooks_contrib\\stdhooks'
297434 INFO: Processing standard module hook 'hook-anyio.py' from 'I:\\source-code\\.venv\\lib\\site-packages\\_pyinstaller_hooks_contrib\\stdhooks'
304199 INFO: Processing standard module hook 'hook-pygments.py' from 'I:\\source-code\\.venv\\lib\\site-packages\\PyInstaller\\hooks'
309379 INFO: Processing standard module hook 'hook-rich.py' from 'I:\\source-code\\.venv\\lib\\site-packages\\_pyinstaller_hooks_contrib\\stdhooks'
316806 INFO: Processing standard module hook 'hook-pydantic.py' from 'I:\\source-code\\.venv\\lib\\site-packages\\_pyinstaller_hooks_contrib\\stdhooks'
320947 INFO: Processing standard module hook 'hook-zoneinfo.py' from 'I:\\source-code\\.venv\\lib\\site-packages\\_pyinstaller_hooks_contrib\\stdhooks'
331637 INFO: Processing standard module hook 'hook-jinja2.py' from 'I:\\source-code\\.venv\\lib\\site-packages\\_pyinstaller_hooks_contrib\\stdhooks'
335460 INFO: Processing standard module hook 'hook-torch.py' from 'I:\\source-code\\.venv\\lib\\site-packages\\_pyinstaller_hooks_contrib\\stdhooks'
11306 WARNING: Failed to collect submodules for 'torch.utils.tensorboard' because importing 'torch.utils.tensorboard' raised: ModuleNotFoundError: No module named 'tensorboard'
I:\source-code\.venv\lib\site-packages\PyInstaller\utils\hooks\__init__.py:665: DeprecationWarning: `torch.distributed._sharding_spec` will be deprecated, use `torch.distributed._shard.sharding_spec` instead
  __import__(name)
I:\source-code\.venv\lib\site-packages\PyInstaller\utils\hooks\__init__.py:665: DeprecationWarning: `torch.distributed._sharded_tensor` will be deprecated, use `torch.distributed._shard.sharded_tensor` instead
  __import__(name)
I:\source-code\.venv\lib\site-packages\PyInstaller\utils\hooks\__init__.py:665: DeprecationWarning: `torch.distributed._shard.checkpoint` will be deprecated, use `torch.distributed.checkpoint` instead
  __import__(name)
403593 INFO: hook-torch: this torch build does not depend on MKL...
448710 INFO: Processing standard module hook 'hook-torchvision.py' from 'I:\\source-code\\.venv\\lib\\site-packages\\_pyinstaller_hooks_contrib\\stdhooks'
449038 INFO: Processing standard module hook 'hook-torchvision.io.image.py' from 'I:\\source-code\\.venv\\lib\\site-packages\\_pyinstaller_hooks_contrib\\stdhooks'
538682 INFO: Processing pre-safe-import-module hook 'hook-importlib_metadata.py' from 'I:\\source-code\\.venv\\lib\\site-packages\\PyInstaller\\hooks\\pre_safe_import_module'
538788 INFO: Processing standard module hook 'hook-importlib_metadata.py' from 'I:\\source-code\\.venv\\lib\\site-packages\\PyInstaller\\hooks'
538991 INFO: Processing pre-safe-import-module hook 'hook-zipp.py' from 'I:\\source-code\\.venv\\lib\\site-packages\\PyInstaller\\hooks\\pre_safe_import_module'
539109 INFO: Processing standard module hook 'hook-transformers.py' from 'I:\\source-code\\.venv\\lib\\site-packages\\_pyinstaller_hooks_contrib\\stdhooks'
553724 INFO: Processing standard module hook 'hook-regex.py' from 'I:\\source-code\\.venv\\lib\\site-packages\\_pyinstaller_hooks_contrib\\stdhooks'
564277 INFO: Processing standard module hook 'hook-cv2.py' from 'I:\\source-code\\.venv\\lib\\site-packages\\_pyinstaller_hooks_contrib\\stdhooks'
752864 INFO: Processing standard module hook 'hook-urllib3.py' from 'I:\\source-code\\.venv\\lib\\site-packages\\_pyinstaller_hooks_contrib\\stdhooks'
925937 INFO: Processing pre-find-module-path hook 'hook-tkinter.py' from 'I:\\source-code\\.venv\\lib\\site-packages\\PyInstaller\\hooks\\pre_find_module_path'
925959 INFO: TclTkInfo: initializing cached Tcl/Tk info...
932594 INFO: Processing standard module hook 'hook-_tkinter.py' from 'I:\\source-code\\.venv\\lib\\site-packages\\PyInstaller\\hooks'
933329 INFO: Processing standard module hook 'hook-speech_recognition.py' from 'I:\\source-code\\.venv\\lib\\site-packages\\_pyinstaller_hooks_contrib\\stdhooks'
934095 INFO: Processing pre-safe-import-module hook 'hook-tensorflow.py' from 'I:\\source-code\\.venv\\lib\\site-packages\\_pyinstaller_hooks_contrib\\pre_safe_import_module'
1038922 INFO: Processing standard module hook 'hook-sounddevice.py' from 'I:\\source-code\\.venv\\lib\\site-packages\\_pyinstaller_hooks_contrib\\stdhooks'
1065698 INFO: Processing standard module hook 'hook-pyttsx3.py' from 'I:\\source-code\\.venv\\lib\\site-packages\\_pyinstaller_hooks_contrib\\stdhooks'
1076976 INFO: Processing standard module hook 'hook-easyocr.py' from 'I:\\source-code\\.venv\\lib\\site-packages\\_pyinstaller_hooks_contrib\\stdhooks'
1077685 INFO: Processing standard module hook 'hook-skimage.py' from 'I:\\source-code\\.venv\\lib\\site-packages\\_pyinstaller_hooks_contrib\\stdhooks'
1079486 INFO: Processing standard module hook 'hook-skimage.io.py' from 'I:\\source-code\\.venv\\lib\\site-packages\\_pyinstaller_hooks_contrib\\stdhooks'
1126069 INFO: Processing standard module hook 'hook-skimage.exposure.py' from 'I:\\source-code\\.venv\\lib\\site-packages\\_pyinstaller_hooks_contrib\\stdhooks'
1138492 INFO: Processing standard module hook 'hook-skimage.color.py' from 'I:\\source-code\\.venv\\lib\\site-packages\\_pyinstaller_hooks_contrib\\stdhooks'
1144754 INFO: Processing standard module hook 'hook-shapely.py' from 'I:\\source-code\\.venv\\lib\\site-packages\\_pyinstaller_hooks_contrib\\stdhooks'
1152265 INFO: Processing standard module hook 'hook-PySide6.QtMultimedia.py' from 'I:\\source-code\\.venv\\lib\\site-packages\\PyInstaller\\hooks'
1186131 INFO: Analyzing hidden import 'PySide6.QtXml'
1186299 INFO: Processing standard module hook 'hook-PySide6.QtXml.py' from 'I:\\source-code\\.venv\\lib\\site-packages\\PyInstaller\\hooks'
1194249 INFO: Analyzing hidden import 'easyocr.cli'
1194392 INFO: Analyzing hidden import 'easyocr.export'
1194420 INFO: Analyzing hidden import 'pypandoc'
1195028 INFO: Processing module hooks (post-graph stage)...
1196658 INFO: Processing standard module hook 'hook-easyocr.py' from 'I:\\source-code\\.venv\\lib\\site-packages\\_pyinstaller_hooks_contrib\\stdhooks'
1210328 INFO: Processing standard module hook 'hook-lxml.isoschematron.py' from 'I:\\source-code\\.venv\\lib\\site-packages\\_pyinstaller_hooks_contrib\\stdhooks'
1212814 INFO: Processing standard module hook 'hook-comtypes.client.py' from 'I:\\source-code\\.venv\\lib\\site-packages\\_pyinstaller_hooks_contrib\\stdhooks'
1258357 INFO: Processing standard module hook 'hook-PIL.SpiderImagePlugin.py' from 'I:\\source-code\\.venv\\lib\\site-packages\\PyInstaller\\hooks'
1284980 INFO: Processing standard module hook 'hook-PySide6.QtMultimediaWidgets.py' from 'I:\\source-code\\.venv\\lib\\site-packages\\PyInstaller\\hooks'
1299253 INFO: Processing standard module hook 'hook-_tkinter.py' from 'I:\\source-code\\.venv\\lib\\site-packages\\PyInstaller\\hooks'
1299315 INFO: Processing standard module hook 'hook-lxml.objectify.py' from 'I:\\source-code\\.venv\\lib\\site-packages\\_pyinstaller_hooks_contrib\\stdhooks'
1299323 INFO: Processing standard module hook 'hook-tzdata.py' from 'I:\\source-code\\.venv\\lib\\site-packages\\_pyinstaller_hooks_contrib\\stdhooks'
1304778 INFO: Performing binary vs. data reclassification (3196 entries)
1360735 INFO: Looking for ctypes DLLs
1362158 WARNING: Ignoring /usr/lib64/libgomp.so.1 imported from I:\source-code\.venv\lib\site-packages\torch\_inductor\codecache.py - only basenames are supported with ctypes imports!
1365410 INFO: Analyzing run-time hooks ...
1365411 INFO: Including custom run-time hook 'I:\\source-code\\hooks\\pre_import_unicodedata.py'
1368101 INFO: Including run-time hook 'pyi_rth_multiprocessing.py' from 'I:\\source-code\\.venv\\lib\\site-packages\\PyInstaller\\hooks\\rthooks'
1368224 INFO: Including run-time hook 'pyi_rth_pkgutil.py' from 'I:\\source-code\\.venv\\lib\\site-packages\\PyInstaller\\hooks\\rthooks'
1368348 INFO: Including run-time hook 'pyi_rth_pywintypes.py' from 'I:\\source-code\\.venv\\lib\\site-packages\\_pyinstaller_hooks_contrib\\rthooks'
1368401 INFO: Including run-time hook 'pyi_rth_pythoncom.py' from 'I:\\source-code\\.venv\\lib\\site-packages\\_pyinstaller_hooks_contrib\\rthooks'
1368410 INFO: Including run-time hook 'pyi_rth_setuptools.py' from 'I:\\source-code\\.venv\\lib\\site-packages\\PyInstaller\\hooks\\rthooks'
1368432 INFO: Including run-time hook 'pyi_rth_inspect.py' from 'I:\\source-code\\.venv\\lib\\site-packages\\PyInstaller\\hooks\\rthooks'
1368522 INFO: Including run-time hook 'pyi_rth__tkinter.py' from 'I:\\source-code\\.venv\\lib\\site-packages\\PyInstaller\\hooks\\rthooks'
1368568 INFO: Including run-time hook 'pyi_rth_pyside6.py' from 'I:\\source-code\\.venv\\lib\\site-packages\\PyInstaller\\hooks\\rthooks'
1368586 INFO: Processing pre-find-module-path hook 'hook-_pyi_rth_utils.py' from 'I:\\source-code\\.venv\\lib\\site-packages\\PyInstaller\\hooks\\pre_find_module_path'
1368662 INFO: Processing standard module hook 'hook-_pyi_rth_utils.py' from 'I:\\source-code\\.venv\\lib\\site-packages\\PyInstaller\\hooks'
1371488 INFO: Creating base_library.zip...
1372016 INFO: Looking for dynamic libraries
I:\source-code\.venv\lib\site-packages\pydub\utils.py:170: RuntimeWarning: Couldn't find ffmpeg or avconv - defaulting to ffmpeg, but may not work
  warn("Couldn't find ffmpeg or avconv - defaulting to ffmpeg, but may not work", RuntimeWarning)
1618285 WARNING: Timed out while waiting for the child process to exit!
1618344 INFO: Extra DLL search directories (AddDllDirectory): ['I:\\source-code\\.venv\\Lib\\site-packages\\shiboken6', 'I:\\source-code\\.venv\\lib\\site-packages\\numpy.libs', 'I:\\source-code\\.venv\\lib\\site-packages\\torch\\lib', 'I:\\source-code\\.venv\\lib\\site-packages\\torchvision', 'I:\\source-code\\.venv\\lib\\site-packages\\torchvision', 'I:\\source-code\\.venv\\lib\\site-packages\\pandas.libs', 'I:\\source-code\\.venv\\lib\\site-packages\\scipy.libs', 'I:\\source-code\\.venv\\lib\\site-packages\\pikepdf.libs', 'I:\\source-code\\.venv\\Lib\\site-packages\\cv2\\../../x64/vc17/bin', 'I:\\source-code\\.venv\\lib\\site-packages\\shapely.libs', 'I:\\source-code\\.venv\\lib\\site-packages']
1618399 INFO: Extra DLL search directories (PATH): ['I:\\source-code\\.venv\\Lib\\site-packages\\cv2\\../../x64/vc17/bin', 'I:\\source-code\\.venv\\Lib\\site-packages\\PySide6']
1706613 INFO: Warnings written to I:\source-code\build\AllFilesConverterAI\warn-AllFilesConverterAI.txt
1734580 INFO: Graph cross-reference written to I:\source-code\build\AllFilesConverterAI\xref-AllFilesConverterAI.html
1744759 INFO: checking PYZ
1744799 INFO: Building PYZ because PYZ-00.toc is non existent
1744808 INFO: Building PYZ (ZlibArchive) I:\source-code\build\AllFilesConverterAI\PYZ-00.pyz
1825813 INFO: Building PYZ (ZlibArchive) I:\source-code\build\AllFilesConverterAI\PYZ-00.pyz completed successfully.
1829841 INFO: checking PKG
1829846 INFO: Building PKG because PKG-00.toc is non existent
1829847 INFO: Building PKG (CArchive) AllFilesConverterAI.pkg
1836270 INFO: Building PKG (CArchive) AllFilesConverterAI.pkg completed successfully.
1836378 INFO: Bootloader I:\source-code\.venv\lib\site-packages\PyInstaller\bootloader\Windows-64bit-intel\runw.exe
1836386 INFO: checking EXE
1836389 INFO: Building EXE because EXE-00.toc is non existent
1836391 INFO: Building EXE from EXE-00.toc
1836395 INFO: Copying bootloader EXE to I:\source-code\build\AllFilesConverterAI\AllFilesConverterAI.exe
1839733 INFO: Copying icon to EXE
1840288 INFO: Copying 0 resources to EXE
1840294 INFO: Embedding manifest in EXE
1840695 INFO: Appending PKG archive to EXE
1842897 INFO: Fixing EXE headers
1876230 INFO: Building EXE from EXE-00.toc completed successfully.
1877830 INFO: checking COLLECT
1877831 INFO: Building COLLECT because COLLECT-00.toc is non existent
1877834 INFO: Building COLLECT COLLECT-00.toc
2000405 INFO: Building COLLECT COLLECT-00.toc completed successfully.
2001730 INFO: Build complete! The results are available in: I:\source-code\dist

============================================================
BUILD COMPLETE!
============================================================

EXE Location: dist\AllFilesConverterAI\AllFilesConverterAI.exe

To run:
  cd dist\AllFilesConverterAI
  AllFilesConverterAI.exe

Press any key to continue . . . 
