============================================================
Building All Files Converter AI - Optimized Build
============================================================


Building with optimized collection (excludes CUDA, tests, unused models)...
This will take 5-8 minutes...

1107 INFO: PyInstaller: 6.21.0, contrib hooks: 2026.6
1107 INFO: Python: 3.10.11
1139 INFO: Platform: Windows-10-10.0.19045-SP0
1154 INFO: Python environment: I:\source-code\.venv
1154 INFO: wrote I:\source-code\AllFilesConverterAI.spec
104451 INFO: Module search paths (PYTHONPATH):
['I:\\source-code\\.venv\\Scripts\\pyinstaller.exe',
 'C:\\Users\\BAHADUR_ALI\\AppData\\Local\\Programs\\Python\\Python310\\python310.zip',
 'C:\\Users\\BAHADUR_ALI\\AppData\\Local\\Programs\\Python\\Python310\\DLLs',
 'C:\\Users\\BAHADUR_ALI\\AppData\\Local\\Programs\\Python\\Python310\\lib',
 'C:\\Users\\BAHADUR_ALI\\AppData\\Local\\Programs\\Python\\Python310',
 'I:\\source-code\\.venv',
 'I:\\source-code\\.venv\\lib\\site-packages',
 'I:\\source-code\\.venv\\lib\\site-packages\\win32',
 'I:\\source-code\\.venv\\lib\\site-packages\\win32\\lib',
 'I:\\source-code\\.venv\\lib\\site-packages\\pythonwin',
 'I:\\source-code']
1123 WARNING: qt_material must be imported after PySide or PyQt!
106646 INFO: Appending 'datas' from .spec
107148 INFO: checking Analysis
107148 INFO: Building Analysis because Analysis-00.toc is non existent
107148 INFO: Looking for Python shared library...
107148 INFO: Using Python shared library: C:\Users\BAHADUR_ALI\AppData\Local\Programs\Python\Python310\python310.dll
107148 INFO: Running Analysis Analysis-00.toc
107148 INFO: Target bytecode optimization level: 0
107148 INFO: Initializing module dependency graph...
107163 INFO: Initializing module graph hook caches...
107598 INFO: Analyzing modules for base_library.zip ...
111658 INFO: Processing standard module hook 'hook-heapq.py' from 'I:\\source-code\\.venv\\lib\\site-packages\\PyInstaller\\hooks'
112008 INFO: Processing standard module hook 'hook-encodings.py' from 'I:\\source-code\\.venv\\lib\\site-packages\\PyInstaller\\hooks'
114668 INFO: Processing standard module hook 'hook-math.py' from 'I:\\source-code\\.venv\\lib\\site-packages\\PyInstaller\\hooks'
116731 INFO: Processing standard module hook 'hook-unicodedata.py' from 'I:\\source-code\\hooks'
120776 INFO: Processing standard module hook 'hook-pickle.py' from 'I:\\source-code\\.venv\\lib\\site-packages\\PyInstaller\\hooks'
126426 INFO: Caching module dependency graph...
126742 INFO: Analyzing I:\source-code\main.py
126768 INFO: Processing standard module hook 'hook-PySide6.py' from 'I:\\source-code\\.venv\\lib\\site-packages\\PyInstaller\\hooks'
128244 INFO: Processing standard module hook 'hook-shiboken6.py' from 'I:\\source-code\\.venv\\lib\\site-packages\\PyInstaller\\hooks'
129550 INFO: Processing standard module hook 'hook-PySide6.QtNetwork.py' from 'I:\\source-code\\.venv\\lib\\site-packages\\PyInstaller\\hooks'
141610 INFO: Processing standard module hook 'hook-PySide6.QtCore.py' from 'I:\\source-code\\.venv\\lib\\site-packages\\PyInstaller\\hooks'
151699 INFO: Processing standard module hook 'hook-PySide6.QtWidgets.py' from 'I:\\source-code\\.venv\\lib\\site-packages\\PyInstaller\\hooks'
163704 INFO: Processing standard module hook 'hook-PySide6.QtGui.py' from 'I:\\source-code\\.venv\\lib\\site-packages\\PyInstaller\\hooks'
216845 INFO: Processing standard module hook 'hook-imageio_ffmpeg.py' from 'I:\\source-code\\.venv\\lib\\site-packages\\_pyinstaller_hooks_contrib\\stdhooks'
216911 INFO: Processing standard module hook 'hook-platform.py' from 'I:\\source-code\\.venv\\lib\\site-packages\\PyInstaller\\hooks'
217321 INFO: Processing standard module hook 'hook-docx.py' from 'I:\\source-code\\.venv\\lib\\site-packages\\_pyinstaller_hooks_contrib\\stdhooks'
217772 INFO: Processing pre-safe-import-module hook 'hook-typing_extensions.py' from 'I:\\source-code\\.venv\\lib\\site-packages\\PyInstaller\\hooks\\pre_safe_import_module'
217772 INFO: SetuptoolsInfo: initializing cached setuptools info...
219861 INFO: Processing standard module hook 'hook-multiprocessing.util.py' from 'I:\\source-code\\.venv\\lib\\site-packages\\PyInstaller\\hooks'
220124 INFO: Processing standard module hook 'hook-xml.py' from 'I:\\source-code\\.venv\\lib\\site-packages\\PyInstaller\\hooks'
220609 INFO: Processing standard module hook 'hook-_ctypes.py' from 'I:\\source-code\\.venv\\lib\\site-packages\\PyInstaller\\hooks'
221249 INFO: Processing standard module hook 'hook-lxml.py' from 'I:\\source-code\\.venv\\lib\\site-packages\\_pyinstaller_hooks_contrib\\stdhooks'
222018 INFO: Processing standard module hook 'hook-lxml.etree.py' from 'I:\\source-code\\.venv\\lib\\site-packages\\_pyinstaller_hooks_contrib\\stdhooks'
223799 INFO: Processing standard module hook 'hook-xml.dom.domreg.py' from 'I:\\source-code\\.venv\\lib\\site-packages\\PyInstaller\\hooks'
224657 INFO: Processing standard module hook 'hook-PIL.py' from 'I:\\source-code\\.venv\\lib\\site-packages\\PyInstaller\\hooks'
224867 INFO: Processing standard module hook 'hook-PIL.Image.py' from 'I:\\source-code\\.venv\\lib\\site-packages\\PyInstaller\\hooks'
225842 INFO: Processing standard module hook 'hook-numpy.py' from 'I:\\source-code\\.venv\\lib\\site-packages\\PyInstaller\\hooks'
226975 INFO: Processing standard module hook 'hook-sysconfig.py' from 'I:\\source-code\\.venv\\lib\\site-packages\\PyInstaller\\hooks'
227268 INFO: Processing standard module hook 'hook-webbrowser.py' from 'I:\\source-code\\.venv\\lib\\site-packages\\PyInstaller\\hooks'
228493 INFO: Processing standard module hook 'hook-difflib.py' from 'I:\\source-code\\.venv\\lib\\site-packages\\PyInstaller\\hooks'
229178 INFO: Processing standard module hook 'hook-psutil.py' from 'I:\\source-code\\.venv\\lib\\site-packages\\_pyinstaller_hooks_contrib\\stdhooks'
232185 INFO: Processing standard module hook 'hook-charset_normalizer.py' from 'I:\\source-code\\.venv\\lib\\site-packages\\_pyinstaller_hooks_contrib\\stdhooks'
233487 INFO: Processing standard module hook 'hook-xml.etree.cElementTree.py' from 'I:\\source-code\\.venv\\lib\\site-packages\\PyInstaller\\hooks'
234420 INFO: Processing standard module hook 'hook-PIL.ImageFilter.py' from 'I:\\source-code\\.venv\\lib\\site-packages\\PyInstaller\\hooks'
236805 INFO: Processing standard module hook 'hook-reportlab.lib.utils.py' from 'I:\\source-code\\.venv\\lib\\site-packages\\_pyinstaller_hooks_contrib\\stdhooks'
237021 INFO: Processing standard module hook 'hook-reportlab.pdfbase._fontdata.py' from 'I:\\source-code\\.venv\\lib\\site-packages\\_pyinstaller_hooks_contrib\\stdhooks'
243509 INFO: Processing standard module hook 'hook-openpyxl.py' from 'I:\\source-code\\.venv\\lib\\site-packages\\_pyinstaller_hooks_contrib\\stdhooks'
245789 INFO: Processing standard module hook 'hook-pptx.py' from 'I:\\source-code\\.venv\\lib\\site-packages\\_pyinstaller_hooks_contrib\\stdhooks'
248267 INFO: Processing pre-safe-import-module hook 'hook-packaging.py' from 'I:\\source-code\\.venv\\lib\\site-packages\\PyInstaller\\hooks\\pre_safe_import_module'
250002 INFO: Processing standard module hook 'hook-pandas.py' from 'I:\\source-code\\.venv\\lib\\site-packages\\PyInstaller\\hooks'
254320 INFO: Processing standard module hook 'hook-pytz.py' from 'I:\\source-code\\.venv\\lib\\site-packages\\PyInstaller\\hooks'
261115 INFO: Processing standard module hook 'hook-pandas.io.formats.style.py' from 'I:\\source-code\\.venv\\lib\\site-packages\\PyInstaller\\hooks'
266517 INFO: Processing standard module hook 'hook-pandas.plotting.py' from 'I:\\source-code\\.venv\\lib\\site-packages\\PyInstaller\\hooks'
268816 INFO: Processing standard module hook 'hook-sqlite3.py' from 'I:\\source-code\\.venv\\lib\\site-packages\\PyInstaller\\hooks'
270028 INFO: Processing standard module hook 'hook-pandas.io.clipboard.py' from 'I:\\source-code\\.venv\\lib\\site-packages\\PyInstaller\\hooks'
270753 INFO: Processing standard module hook 'hook-dateutil.py' from 'I:\\source-code\\.venv\\lib\\site-packages\\_pyinstaller_hooks_contrib\\stdhooks'
271293 INFO: Processing pre-safe-import-module hook 'hook-six.moves.py' from 'I:\\source-code\\.venv\\lib\\site-packages\\PyInstaller\\hooks\\pre_safe_import_module'
271944 INFO: Processing standard module hook 'hook-fsspec.py' from 'I:\\source-code\\.venv\\lib\\site-packages\\_pyinstaller_hooks_contrib\\stdhooks'
273089 INFO: Processing pre-safe-import-module hook 'hook-importlib_resources.py' from 'I:\\source-code\\.venv\\lib\\site-packages\\PyInstaller\\hooks\\pre_safe_import_module'
273844 INFO: Processing pre-safe-import-module hook 'hook-backports.py' from 'I:\\source-code\\.venv\\lib\\site-packages\\PyInstaller\\hooks\\pre_safe_import_module'
273844 INFO: Setuptools: 'backports' appears to be a full setuptools-vendored copy - creating alias to 'setuptools._vendor.backports'!
273891 INFO: Processing standard module hook 'hook-setuptools.py' from 'I:\\source-code\\.venv\\lib\\site-packages\\PyInstaller\\hooks'
274007 INFO: Processing pre-safe-import-module hook 'hook-distutils.py' from 'I:\\source-code\\.venv\\lib\\site-packages\\PyInstaller\\hooks\\pre_safe_import_module'
274022 INFO: Processing pre-find-module-path hook 'hook-distutils.py' from 'I:\\source-code\\.venv\\lib\\site-packages\\PyInstaller\\hooks\\pre_find_module_path'
274793 INFO: Processing standard module hook 'hook-distutils.py' from 'I:\\source-code\\.venv\\lib\\site-packages\\PyInstaller\\hooks'
274831 INFO: Processing standard module hook 'hook-distutils.util.py' from 'I:\\source-code\\.venv\\lib\\site-packages\\PyInstaller\\hooks'
274909 INFO: Processing standard module hook 'hook-_osx_support.py' from 'I:\\source-code\\.venv\\lib\\site-packages\\PyInstaller\\hooks'
275570 INFO: Processing pre-safe-import-module hook 'hook-jaraco.py' from 'I:\\source-code\\.venv\\lib\\site-packages\\PyInstaller\\hooks\\pre_safe_import_module'
275570 INFO: Setuptools: 'jaraco' appears to be a full setuptools-vendored copy - creating alias to 'setuptools._vendor.jaraco'!
275617 INFO: Processing standard module hook 'hook-setuptools._vendor.jaraco.text.py' from 'I:\\source-code\\.venv\\lib\\site-packages\\PyInstaller\\hooks'
276081 INFO: Processing pre-safe-import-module hook 'hook-more_itertools.py' from 'I:\\source-code\\.venv\\lib\\site-packages\\PyInstaller\\hooks\\pre_safe_import_module'
276081 INFO: Setuptools: 'more_itertools' appears to be a setuptools-vendored copy - creating alias to 'setuptools._vendor.more_itertools'!
277313 INFO: Processing pre-safe-import-module hook 'hook-tomli.py' from 'I:\\source-code\\.venv\\lib\\site-packages\\PyInstaller\\hooks\\pre_safe_import_module'
278987 INFO: Processing pre-safe-import-module hook 'hook-wheel.py' from 'I:\\source-code\\.venv\\lib\\site-packages\\PyInstaller\\hooks\\pre_safe_import_module'
278987 INFO: Setuptools: 'wheel' appears to be a setuptools-vendored copy - creating alias to 'setuptools._vendor.wheel'!
286062 INFO: Processing pre-safe-import-module hook 'hook-win32com.py' from 'I:\\source-code\\.venv\\lib\\site-packages\\_pyinstaller_hooks_contrib\\pre_safe_import_module'
286298 INFO: Processing standard module hook 'hook-win32com.py' from 'I:\\source-code\\.venv\\lib\\site-packages\\_pyinstaller_hooks_contrib\\stdhooks'
286313 INFO: Processing standard module hook 'hook-pythoncom.py' from 'I:\\source-code\\.venv\\lib\\site-packages\\_pyinstaller_hooks_contrib\\stdhooks'
286545 INFO: Processing standard module hook 'hook-pywintypes.py' from 'I:\\source-code\\.venv\\lib\\site-packages\\_pyinstaller_hooks_contrib\\stdhooks'
288744 INFO: Processing standard module hook 'hook-imageio.py' from 'I:\\source-code\\.venv\\lib\\site-packages\\_pyinstaller_hooks_contrib\\stdhooks'
292054 INFO: Processing standard module hook 'hook-certifi.py' from 'I:\\source-code\\.venv\\lib\\site-packages\\_pyinstaller_hooks_contrib\\stdhooks'
292339 INFO: Processing standard module hook 'hook-anyio.py' from 'I:\\source-code\\.venv\\lib\\site-packages\\_pyinstaller_hooks_contrib\\stdhooks'
295330 INFO: Processing standard module hook 'hook-pygments.py' from 'I:\\source-code\\.venv\\lib\\site-packages\\PyInstaller\\hooks'
297890 INFO: Processing standard module hook 'hook-rich.py' from 'I:\\source-code\\.venv\\lib\\site-packages\\_pyinstaller_hooks_contrib\\stdhooks'
302088 INFO: Processing standard module hook 'hook-pydantic.py' from 'I:\\source-code\\.venv\\lib\\site-packages\\_pyinstaller_hooks_contrib\\stdhooks'
304137 INFO: Processing standard module hook 'hook-zoneinfo.py' from 'I:\\source-code\\.venv\\lib\\site-packages\\_pyinstaller_hooks_contrib\\stdhooks'
309200 INFO: Processing standard module hook 'hook-jinja2.py' from 'I:\\source-code\\.venv\\lib\\site-packages\\_pyinstaller_hooks_contrib\\stdhooks'
310240 INFO: Processing standard module hook 'hook-torch.py' from 'I:\\source-code\\.venv\\lib\\site-packages\\_pyinstaller_hooks_contrib\\stdhooks'
7022 WARNING: Failed to collect submodules for 'torch.utils.tensorboard' because importing 'torch.utils.tensorboard' raised: ModuleNotFoundError: No module named 'tensorboard'
I:\source-code\.venv\lib\site-packages\PyInstaller\utils\hooks\__init__.py:665: DeprecationWarning: `torch.distributed._sharding_spec` will be deprecated, use `torch.distributed._shard.sharding_spec` instead
  __import__(name)
I:\source-code\.venv\lib\site-packages\PyInstaller\utils\hooks\__init__.py:665: DeprecationWarning: `torch.distributed._sharded_tensor` will be deprecated, use `torch.distributed._shard.sharded_tensor` instead
  __import__(name)
I:\source-code\.venv\lib\site-packages\PyInstaller\utils\hooks\__init__.py:665: DeprecationWarning: `torch.distributed._shard.checkpoint` will be deprecated, use `torch.distributed.checkpoint` instead
  __import__(name)
349516 INFO: hook-torch: this torch build does not depend on MKL...
390796 INFO: Processing standard module hook 'hook-torchvision.py' from 'I:\\source-code\\.venv\\lib\\site-packages\\_pyinstaller_hooks_contrib\\stdhooks'
391013 INFO: Processing standard module hook 'hook-torchvision.io.image.py' from 'I:\\source-code\\.venv\\lib\\site-packages\\_pyinstaller_hooks_contrib\\stdhooks'
448927 INFO: Processing pre-safe-import-module hook 'hook-importlib_metadata.py' from 'I:\\source-code\\.venv\\lib\\site-packages\\PyInstaller\\hooks\\pre_safe_import_module'
449006 INFO: Processing standard module hook 'hook-importlib_metadata.py' from 'I:\\source-code\\.venv\\lib\\site-packages\\PyInstaller\\hooks'
449201 INFO: Processing pre-safe-import-module hook 'hook-zipp.py' from 'I:\\source-code\\.venv\\lib\\site-packages\\PyInstaller\\hooks\\pre_safe_import_module'
449387 INFO: Processing standard module hook 'hook-transformers.py' from 'I:\\source-code\\.venv\\lib\\site-packages\\_pyinstaller_hooks_contrib\\stdhooks'
459971 INFO: Processing standard module hook 'hook-regex.py' from 'I:\\source-code\\.venv\\lib\\site-packages\\_pyinstaller_hooks_contrib\\stdhooks'
466596 INFO: Processing standard module hook 'hook-cv2.py' from 'I:\\source-code\\.venv\\lib\\site-packages\\_pyinstaller_hooks_contrib\\stdhooks'
532434 INFO: Processing standard module hook 'hook-urllib3.py' from 'I:\\source-code\\.venv\\lib\\site-packages\\_pyinstaller_hooks_contrib\\stdhooks'
583747 INFO: Processing pre-find-module-path hook 'hook-tkinter.py' from 'I:\\source-code\\.venv\\lib\\site-packages\\PyInstaller\\hooks\\pre_find_module_path'
583747 INFO: TclTkInfo: initializing cached Tcl/Tk info...
585560 INFO: Processing standard module hook 'hook-_tkinter.py' from 'I:\\source-code\\.venv\\lib\\site-packages\\PyInstaller\\hooks'
585766 INFO: Processing standard module hook 'hook-speech_recognition.py' from 'I:\\source-code\\.venv\\lib\\site-packages\\_pyinstaller_hooks_contrib\\stdhooks'
585927 INFO: Processing pre-safe-import-module hook 'hook-tensorflow.py' from 'I:\\source-code\\.venv\\lib\\site-packages\\_pyinstaller_hooks_contrib\\pre_safe_import_module'
612898 INFO: Processing standard module hook 'hook-sounddevice.py' from 'I:\\source-code\\.venv\\lib\\site-packages\\_pyinstaller_hooks_contrib\\stdhooks'
620353 INFO: Processing standard module hook 'hook-pyttsx3.py' from 'I:\\source-code\\.venv\\lib\\site-packages\\_pyinstaller_hooks_contrib\\stdhooks'
622490 INFO: Processing standard module hook 'hook-easyocr.py' from 'I:\\source-code\\.venv\\lib\\site-packages\\_pyinstaller_hooks_contrib\\stdhooks'
622753 INFO: Processing standard module hook 'hook-skimage.py' from 'I:\\source-code\\.venv\\lib\\site-packages\\_pyinstaller_hooks_contrib\\stdhooks'
623353 INFO: Processing standard module hook 'hook-skimage.io.py' from 'I:\\source-code\\.venv\\lib\\site-packages\\_pyinstaller_hooks_contrib\\stdhooks'
630831 INFO: Processing standard module hook 'hook-skimage.exposure.py' from 'I:\\source-code\\.venv\\lib\\site-packages\\_pyinstaller_hooks_contrib\\stdhooks'
634819 INFO: Processing standard module hook 'hook-skimage.color.py' from 'I:\\source-code\\.venv\\lib\\site-packages\\_pyinstaller_hooks_contrib\\stdhooks'
636610 INFO: Processing standard module hook 'hook-shapely.py' from 'I:\\source-code\\.venv\\lib\\site-packages\\_pyinstaller_hooks_contrib\\stdhooks'
638265 INFO: Processing standard module hook 'hook-PySide6.QtMultimedia.py' from 'I:\\source-code\\.venv\\lib\\site-packages\\PyInstaller\\hooks'
654992 INFO: Analyzing hidden import 'PySide6.QtXml'
655055 INFO: Processing standard module hook 'hook-PySide6.QtXml.py' from 'I:\\source-code\\.venv\\lib\\site-packages\\PyInstaller\\hooks'
658550 INFO: Analyzing hidden import 'easyocr.cli'
658581 INFO: Analyzing hidden import 'easyocr.export'
658617 INFO: Analyzing hidden import 'pypandoc'
658803 INFO: Processing module hooks (post-graph stage)...
659370 INFO: Processing standard module hook 'hook-easyocr.py' from 'I:\\source-code\\.venv\\lib\\site-packages\\_pyinstaller_hooks_contrib\\stdhooks'
665343 INFO: Processing standard module hook 'hook-lxml.isoschematron.py' from 'I:\\source-code\\.venv\\lib\\site-packages\\_pyinstaller_hooks_contrib\\stdhooks'
666652 INFO: Processing standard module hook 'hook-comtypes.client.py' from 'I:\\source-code\\.venv\\lib\\site-packages\\_pyinstaller_hooks_contrib\\stdhooks'
685877 INFO: Processing standard module hook 'hook-PIL.SpiderImagePlugin.py' from 'I:\\source-code\\.venv\\lib\\site-packages\\PyInstaller\\hooks'
700664 INFO: Processing standard module hook 'hook-PySide6.QtMultimediaWidgets.py' from 'I:\\source-code\\.venv\\lib\\site-packages\\PyInstaller\\hooks'
707425 INFO: Processing standard module hook 'hook-_tkinter.py' from 'I:\\source-code\\.venv\\lib\\site-packages\\PyInstaller\\hooks'
707466 INFO: Processing standard module hook 'hook-lxml.objectify.py' from 'I:\\source-code\\.venv\\lib\\site-packages\\_pyinstaller_hooks_contrib\\stdhooks'
707468 INFO: Processing standard module hook 'hook-tzdata.py' from 'I:\\source-code\\.venv\\lib\\site-packages\\_pyinstaller_hooks_contrib\\stdhooks'
709295 INFO: Performing binary vs. data reclassification (3194 entries)
719457 INFO: Looking for ctypes DLLs
719858 WARNING: Ignoring /usr/lib64/libgomp.so.1 imported from I:\source-code\.venv\lib\site-packages\torch\_inductor\codecache.py - only basenames are supported with ctypes imports!
721020 INFO: Analyzing run-time hooks ...
721020 INFO: Including custom run-time hook 'I:\\source-code\\hooks\\pre_import_unicodedata.py'
721132 INFO: Including run-time hook 'pyi_rth_multiprocessing.py' from 'I:\\source-code\\.venv\\lib\\site-packages\\PyInstaller\\hooks\\rthooks'
721148 INFO: Including run-time hook 'pyi_rth_pkgutil.py' from 'I:\\source-code\\.venv\\lib\\site-packages\\PyInstaller\\hooks\\rthooks'
721183 INFO: Including run-time hook 'pyi_rth_pywintypes.py' from 'I:\\source-code\\.venv\\lib\\site-packages\\_pyinstaller_hooks_contrib\\rthooks'
721208 INFO: Including run-time hook 'pyi_rth_pythoncom.py' from 'I:\\source-code\\.venv\\lib\\site-packages\\_pyinstaller_hooks_contrib\\rthooks'
721212 INFO: Including run-time hook 'pyi_rth_setuptools.py' from 'I:\\source-code\\.venv\\lib\\site-packages\\PyInstaller\\hooks\\rthooks'
721243 INFO: Including run-time hook 'pyi_rth_inspect.py' from 'I:\\source-code\\.venv\\lib\\site-packages\\PyInstaller\\hooks\\rthooks'
721273 INFO: Including run-time hook 'pyi_rth__tkinter.py' from 'I:\\source-code\\.venv\\lib\\site-packages\\PyInstaller\\hooks\\rthooks'
721280 INFO: Including run-time hook 'pyi_rth_pyside6.py' from 'I:\\source-code\\.venv\\lib\\site-packages\\PyInstaller\\hooks\\rthooks'
721288 INFO: Processing pre-find-module-path hook 'hook-_pyi_rth_utils.py' from 'I:\\source-code\\.venv\\lib\\site-packages\\PyInstaller\\hooks\\pre_find_module_path'
721323 INFO: Processing standard module hook 'hook-_pyi_rth_utils.py' from 'I:\\source-code\\.venv\\lib\\site-packages\\PyInstaller\\hooks'
722289 INFO: Creating base_library.zip...
722483 INFO: Looking for dynamic libraries
I:\source-code\.venv\lib\site-packages\pydub\utils.py:170: RuntimeWarning: Couldn't find ffmpeg or avconv - defaulting to ffmpeg, but may not work
  warn("Couldn't find ffmpeg or avconv - defaulting to ffmpeg, but may not work", RuntimeWarning)
815005 INFO: Extra DLL search directories (AddDllDirectory): ['I:\\source-code\\.venv\\Lib\\site-packages\\shiboken6', 'I:\\source-code\\.venv\\lib\\site-packages\\numpy.libs', 'I:\\source-code\\.venv\\lib\\site-packages\\torch\\lib', 'I:\\source-code\\.venv\\lib\\site-packages\\torchvision', 'I:\\source-code\\.venv\\lib\\site-packages\\torchvision', 'I:\\source-code\\.venv\\lib\\site-packages\\pandas.libs', 'I:\\source-code\\.venv\\lib\\site-packages\\scipy.libs', 'I:\\source-code\\.venv\\lib\\site-packages\\pikepdf.libs', 'I:\\source-code\\.venv\\Lib\\site-packages\\cv2\\../../x64/vc17/bin', 'I:\\source-code\\.venv\\lib\\site-packages\\shapely.libs', 'I:\\source-code\\.venv\\lib\\site-packages']
815038 INFO: Extra DLL search directories (PATH): ['I:\\source-code\\.venv\\Lib\\site-packages\\cv2\\../../x64/vc17/bin', 'I:\\source-code\\.venv\\Lib\\site-packages\\PySide6']
833812 INFO: Warnings written to I:\source-code\build\AllFilesConverterAI\warn-AllFilesConverterAI.txt
838872 INFO: Graph cross-reference written to I:\source-code\build\AllFilesConverterAI\xref-AllFilesConverterAI.html
841563 INFO: checking PYZ
841564 INFO: Building PYZ because PYZ-00.toc is non existent
841564 INFO: Building PYZ (ZlibArchive) I:\source-code\build\AllFilesConverterAI\PYZ-00.pyz
868873 INFO: Building PYZ (ZlibArchive) I:\source-code\build\AllFilesConverterAI\PYZ-00.pyz completed successfully.
870413 INFO: checking PKG
870421 INFO: Building PKG because PKG-00.toc is non existent
870422 INFO: Building PKG (CArchive) AllFilesConverterAI.pkg
876575 INFO: Building PKG (CArchive) AllFilesConverterAI.pkg completed successfully.
876613 INFO: Bootloader I:\source-code\.venv\lib\site-packages\PyInstaller\bootloader\Windows-64bit-intel\runw.exe
876614 INFO: checking EXE
876615 INFO: Building EXE because EXE-00.toc is non existent
876617 INFO: Building EXE from EXE-00.toc
876627 INFO: Copying bootloader EXE to I:\source-code\build\AllFilesConverterAI\AllFilesConverterAI.exe
880324 INFO: Copying icon to EXE
880793 INFO: Copying 0 resources to EXE
880793 INFO: Embedding manifest in EXE
881330 INFO: Appending PKG archive to EXE
882872 INFO: Fixing EXE headers
903205 INFO: Building EXE from EXE-00.toc completed successfully.
904244 INFO: checking COLLECT
904245 INFO: Building COLLECT because COLLECT-00.toc is non existent
904248 INFO: Building COLLECT COLLECT-00.toc
1110598 INFO: Building COLLECT COLLECT-00.toc completed successfully.
1112284 INFO: Build complete! The results are available in: I:\source-code\dist

============================================================
BUILD COMPLETE!
============================================================

EXE Location: dist\AllFilesConverterAI\AllFilesConverterAI.exe

To run:
  cd dist\AllFilesConverterAI
  AllFilesConverterAI.exe

Press any key to continue . . . 
