============================================================
Building All Files Converter AI - Optimized Build
============================================================


Building with optimized collection (excludes CUDA, tests, unused models)...
This will take 5-8 minutes...

441 INFO: PyInstaller: 6.21.0, contrib hooks: 2026.6
441 INFO: Python: 3.10.11
457 INFO: Platform: Windows-10-10.0.19045-SP0
457 INFO: Python environment: I:\source-code\.venv
457 INFO: wrote I:\source-code\AllFilesConverterAI.spec
30692 INFO: Module search paths (PYTHONPATH):
['I:\\source-code\\.venv\\Scripts\\pyinstaller.exe',
 'C:\\Users\\BAHADUR_ALI\\AppData\\Local\\Programs\\Python\\Python310\\python310.zip',
 'C:\\Users\\BAHADUR_ALI\\AppData\\Local\\Programs\\Python\\Python310\\DLLs',
 'C:\\Users\\BAHADUR_ALI\\AppData\\Local\\Programs\\Python\\Python310\\lib',
 'C:\\Users\\BAHADUR_ALI\\AppData\\Local\\Programs\\Python\\Python310',
 'I:\\source-code\\.venv',
 'I:\\source-code\\.venv\\lib\\site-packages',
 'I:\\source-code\\.venv\\lib\\site-packages\\win32',
 'I:\\source-code\\.venv\\lib\\site-packages\\win32\\lib',
 'I:\\source-code\\.venv\\lib\\site-packages\\pythonwin',
 'I:\\source-code']
378 WARNING: qt_material must be imported after PySide or PyQt!
31425 INFO: Appending 'datas' from .spec
31588 INFO: checking Analysis
31588 INFO: Building Analysis because Analysis-00.toc is non existent
31588 INFO: Looking for Python shared library...
31588 INFO: Using Python shared library: C:\Users\BAHADUR_ALI\AppData\Local\Programs\Python\Python310\python310.dll
31588 INFO: Running Analysis Analysis-00.toc
31588 INFO: Target bytecode optimization level: 0
31588 INFO: Initializing module dependency graph...
31588 INFO: Initializing module graph hook caches...
31679 INFO: Analyzing modules for base_library.zip ...
32817 INFO: Processing standard module hook 'hook-heapq.py' from 'I:\\source-code\\.venv\\lib\\site-packages\\PyInstaller\\hooks'
32938 INFO: Processing standard module hook 'hook-encodings.py' from 'I:\\source-code\\.venv\\lib\\site-packages\\PyInstaller\\hooks'
33837 INFO: Processing standard module hook 'hook-math.py' from 'I:\\source-code\\.venv\\lib\\site-packages\\PyInstaller\\hooks'
34530 INFO: Processing standard module hook 'hook-unicodedata.py' from 'I:\\source-code\\hooks'
35781 INFO: Processing standard module hook 'hook-pickle.py' from 'I:\\source-code\\.venv\\lib\\site-packages\\PyInstaller\\hooks'
37714 INFO: Caching module dependency graph...
37824 INFO: Analyzing I:\source-code\main.py
37824 INFO: Processing standard module hook 'hook-PySide6.py' from 'I:\\source-code\\.venv\\lib\\site-packages\\PyInstaller\\hooks'
38250 INFO: Processing standard module hook 'hook-shiboken6.py' from 'I:\\source-code\\.venv\\lib\\site-packages\\PyInstaller\\hooks'
38584 INFO: Processing standard module hook 'hook-PySide6.QtNetwork.py' from 'I:\\source-code\\.venv\\lib\\site-packages\\PyInstaller\\hooks'
41950 INFO: Processing standard module hook 'hook-PySide6.QtCore.py' from 'I:\\source-code\\.venv\\lib\\site-packages\\PyInstaller\\hooks'
45932 INFO: Processing standard module hook 'hook-PySide6.QtWidgets.py' from 'I:\\source-code\\.venv\\lib\\site-packages\\PyInstaller\\hooks'
50774 INFO: Processing standard module hook 'hook-PySide6.QtGui.py' from 'I:\\source-code\\.venv\\lib\\site-packages\\PyInstaller\\hooks'
80549 INFO: Processing standard module hook 'hook-imageio_ffmpeg.py' from 'I:\\source-code\\.venv\\lib\\site-packages\\_pyinstaller_hooks_contrib\\stdhooks'
80595 INFO: Processing standard module hook 'hook-platform.py' from 'I:\\source-code\\.venv\\lib\\site-packages\\PyInstaller\\hooks'
80932 INFO: Processing standard module hook 'hook-docx.py' from 'I:\\source-code\\.venv\\lib\\site-packages\\_pyinstaller_hooks_contrib\\stdhooks'
81171 INFO: Processing pre-safe-import-module hook 'hook-typing_extensions.py' from 'I:\\source-code\\.venv\\lib\\site-packages\\PyInstaller\\hooks\\pre_safe_import_module'
81171 INFO: SetuptoolsInfo: initializing cached setuptools info...
82795 INFO: Processing standard module hook 'hook-multiprocessing.util.py' from 'I:\\source-code\\.venv\\lib\\site-packages\\PyInstaller\\hooks'
83014 INFO: Processing standard module hook 'hook-xml.py' from 'I:\\source-code\\.venv\\lib\\site-packages\\PyInstaller\\hooks'
83423 INFO: Processing standard module hook 'hook-_ctypes.py' from 'I:\\source-code\\.venv\\lib\\site-packages\\PyInstaller\\hooks'
83963 INFO: Processing standard module hook 'hook-lxml.py' from 'I:\\source-code\\.venv\\lib\\site-packages\\_pyinstaller_hooks_contrib\\stdhooks'
84559 INFO: Processing standard module hook 'hook-lxml.etree.py' from 'I:\\source-code\\.venv\\lib\\site-packages\\_pyinstaller_hooks_contrib\\stdhooks'
86014 INFO: Processing standard module hook 'hook-xml.dom.domreg.py' from 'I:\\source-code\\.venv\\lib\\site-packages\\PyInstaller\\hooks'
86734 INFO: Processing standard module hook 'hook-PIL.py' from 'I:\\source-code\\.venv\\lib\\site-packages\\PyInstaller\\hooks'
86890 INFO: Processing standard module hook 'hook-PIL.Image.py' from 'I:\\source-code\\.venv\\lib\\site-packages\\PyInstaller\\hooks'
87510 INFO: Processing standard module hook 'hook-numpy.py' from 'I:\\source-code\\.venv\\lib\\site-packages\\PyInstaller\\hooks'
88294 INFO: Processing standard module hook 'hook-sysconfig.py' from 'I:\\source-code\\.venv\\lib\\site-packages\\PyInstaller\\hooks'
88521 INFO: Processing standard module hook 'hook-webbrowser.py' from 'I:\\source-code\\.venv\\lib\\site-packages\\PyInstaller\\hooks'
89467 INFO: Processing standard module hook 'hook-difflib.py' from 'I:\\source-code\\.venv\\lib\\site-packages\\PyInstaller\\hooks'
90002 INFO: Processing standard module hook 'hook-psutil.py' from 'I:\\source-code\\.venv\\lib\\site-packages\\_pyinstaller_hooks_contrib\\stdhooks'
92216 INFO: Processing standard module hook 'hook-charset_normalizer.py' from 'I:\\source-code\\.venv\\lib\\site-packages\\_pyinstaller_hooks_contrib\\stdhooks'
93177 INFO: Processing standard module hook 'hook-xml.etree.cElementTree.py' from 'I:\\source-code\\.venv\\lib\\site-packages\\PyInstaller\\hooks'
93925 INFO: Processing standard module hook 'hook-PIL.ImageFilter.py' from 'I:\\source-code\\.venv\\lib\\site-packages\\PyInstaller\\hooks'
95198 INFO: Processing standard module hook 'hook-reportlab.lib.utils.py' from 'I:\\source-code\\.venv\\lib\\site-packages\\_pyinstaller_hooks_contrib\\stdhooks'
95386 INFO: Processing standard module hook 'hook-reportlab.pdfbase._fontdata.py' from 'I:\\source-code\\.venv\\lib\\site-packages\\_pyinstaller_hooks_contrib\\stdhooks'
100389 INFO: Processing standard module hook 'hook-openpyxl.py' from 'I:\\source-code\\.venv\\lib\\site-packages\\_pyinstaller_hooks_contrib\\stdhooks'
102237 INFO: Processing standard module hook 'hook-pptx.py' from 'I:\\source-code\\.venv\\lib\\site-packages\\_pyinstaller_hooks_contrib\\stdhooks'
104115 INFO: Processing pre-safe-import-module hook 'hook-packaging.py' from 'I:\\source-code\\.venv\\lib\\site-packages\\PyInstaller\\hooks\\pre_safe_import_module'
105487 INFO: Processing standard module hook 'hook-pandas.py' from 'I:\\source-code\\.venv\\lib\\site-packages\\PyInstaller\\hooks'
108561 INFO: Processing standard module hook 'hook-pytz.py' from 'I:\\source-code\\.venv\\lib\\site-packages\\PyInstaller\\hooks'
112721 INFO: Processing standard module hook 'hook-pandas.io.formats.style.py' from 'I:\\source-code\\.venv\\lib\\site-packages\\PyInstaller\\hooks'
116332 INFO: Processing standard module hook 'hook-pandas.plotting.py' from 'I:\\source-code\\.venv\\lib\\site-packages\\PyInstaller\\hooks'
117992 INFO: Processing standard module hook 'hook-sqlite3.py' from 'I:\\source-code\\.venv\\lib\\site-packages\\PyInstaller\\hooks'
118570 INFO: Processing standard module hook 'hook-pandas.io.clipboard.py' from 'I:\\source-code\\.venv\\lib\\site-packages\\PyInstaller\\hooks'
118993 INFO: Processing standard module hook 'hook-dateutil.py' from 'I:\\source-code\\.venv\\lib\\site-packages\\_pyinstaller_hooks_contrib\\stdhooks'
119356 INFO: Processing pre-safe-import-module hook 'hook-six.moves.py' from 'I:\\source-code\\.venv\\lib\\site-packages\\PyInstaller\\hooks\\pre_safe_import_module'
119811 INFO: Processing standard module hook 'hook-fsspec.py' from 'I:\\source-code\\.venv\\lib\\site-packages\\_pyinstaller_hooks_contrib\\stdhooks'
120560 INFO: Processing pre-safe-import-module hook 'hook-importlib_resources.py' from 'I:\\source-code\\.venv\\lib\\site-packages\\PyInstaller\\hooks\\pre_safe_import_module'
121097 INFO: Processing pre-safe-import-module hook 'hook-backports.py' from 'I:\\source-code\\.venv\\lib\\site-packages\\PyInstaller\\hooks\\pre_safe_import_module'
121097 INFO: Setuptools: 'backports' appears to be a full setuptools-vendored copy - creating alias to 'setuptools._vendor.backports'!
121113 INFO: Processing standard module hook 'hook-setuptools.py' from 'I:\\source-code\\.venv\\lib\\site-packages\\PyInstaller\\hooks'
121197 INFO: Processing pre-safe-import-module hook 'hook-distutils.py' from 'I:\\source-code\\.venv\\lib\\site-packages\\PyInstaller\\hooks\\pre_safe_import_module'
121197 INFO: Processing pre-find-module-path hook 'hook-distutils.py' from 'I:\\source-code\\.venv\\lib\\site-packages\\PyInstaller\\hooks\\pre_find_module_path'
121783 INFO: Processing standard module hook 'hook-distutils.py' from 'I:\\source-code\\.venv\\lib\\site-packages\\PyInstaller\\hooks'
121799 INFO: Processing standard module hook 'hook-distutils.util.py' from 'I:\\source-code\\.venv\\lib\\site-packages\\PyInstaller\\hooks'
121852 INFO: Processing standard module hook 'hook-_osx_support.py' from 'I:\\source-code\\.venv\\lib\\site-packages\\PyInstaller\\hooks'
122316 INFO: Processing pre-safe-import-module hook 'hook-jaraco.py' from 'I:\\source-code\\.venv\\lib\\site-packages\\PyInstaller\\hooks\\pre_safe_import_module'
122332 INFO: Setuptools: 'jaraco' appears to be a full setuptools-vendored copy - creating alias to 'setuptools._vendor.jaraco'!
122354 INFO: Processing standard module hook 'hook-setuptools._vendor.jaraco.text.py' from 'I:\\source-code\\.venv\\lib\\site-packages\\PyInstaller\\hooks'
122687 INFO: Processing pre-safe-import-module hook 'hook-more_itertools.py' from 'I:\\source-code\\.venv\\lib\\site-packages\\PyInstaller\\hooks\\pre_safe_import_module'
122687 INFO: Setuptools: 'more_itertools' appears to be a setuptools-vendored copy - creating alias to 'setuptools._vendor.more_itertools'!
123523 INFO: Processing pre-safe-import-module hook 'hook-tomli.py' from 'I:\\source-code\\.venv\\lib\\site-packages\\PyInstaller\\hooks\\pre_safe_import_module'
124728 INFO: Processing pre-safe-import-module hook 'hook-wheel.py' from 'I:\\source-code\\.venv\\lib\\site-packages\\PyInstaller\\hooks\\pre_safe_import_module'
124728 INFO: Setuptools: 'wheel' appears to be a setuptools-vendored copy - creating alias to 'setuptools._vendor.wheel'!
130524 INFO: Processing pre-safe-import-module hook 'hook-win32com.py' from 'I:\\source-code\\.venv\\lib\\site-packages\\_pyinstaller_hooks_contrib\\pre_safe_import_module'
130724 INFO: Processing standard module hook 'hook-win32com.py' from 'I:\\source-code\\.venv\\lib\\site-packages\\_pyinstaller_hooks_contrib\\stdhooks'
130740 INFO: Processing standard module hook 'hook-pythoncom.py' from 'I:\\source-code\\.venv\\lib\\site-packages\\_pyinstaller_hooks_contrib\\stdhooks'
130909 INFO: Processing standard module hook 'hook-pywintypes.py' from 'I:\\source-code\\.venv\\lib\\site-packages\\_pyinstaller_hooks_contrib\\stdhooks'
132521 INFO: Processing standard module hook 'hook-imageio.py' from 'I:\\source-code\\.venv\\lib\\site-packages\\_pyinstaller_hooks_contrib\\stdhooks'
135226 INFO: Processing standard module hook 'hook-certifi.py' from 'I:\\source-code\\.venv\\lib\\site-packages\\_pyinstaller_hooks_contrib\\stdhooks'
135442 INFO: Processing standard module hook 'hook-anyio.py' from 'I:\\source-code\\.venv\\lib\\site-packages\\_pyinstaller_hooks_contrib\\stdhooks'
137580 INFO: Processing standard module hook 'hook-pygments.py' from 'I:\\source-code\\.venv\\lib\\site-packages\\PyInstaller\\hooks'
139468 INFO: Processing standard module hook 'hook-rich.py' from 'I:\\source-code\\.venv\\lib\\site-packages\\_pyinstaller_hooks_contrib\\stdhooks'
142426 INFO: Processing standard module hook 'hook-pydantic.py' from 'I:\\source-code\\.venv\\lib\\site-packages\\_pyinstaller_hooks_contrib\\stdhooks'
143756 INFO: Processing standard module hook 'hook-zoneinfo.py' from 'I:\\source-code\\.venv\\lib\\site-packages\\_pyinstaller_hooks_contrib\\stdhooks'
147184 INFO: Processing standard module hook 'hook-jinja2.py' from 'I:\\source-code\\.venv\\lib\\site-packages\\_pyinstaller_hooks_contrib\\stdhooks'
148021 INFO: Processing standard module hook 'hook-torch.py' from 'I:\\source-code\\.venv\\lib\\site-packages\\_pyinstaller_hooks_contrib\\stdhooks'
3769 WARNING: Failed to collect submodules for 'torch.utils.tensorboard' because importing 'torch.utils.tensorboard' raised: ModuleNotFoundError: No module named 'tensorboard'
I:\source-code\.venv\lib\site-packages\PyInstaller\utils\hooks\__init__.py:665: DeprecationWarning: `torch.distributed._sharding_spec` will be deprecated, use `torch.distributed._shard.sharding_spec` instead
  __import__(name)
I:\source-code\.venv\lib\site-packages\PyInstaller\utils\hooks\__init__.py:665: DeprecationWarning: `torch.distributed._sharded_tensor` will be deprecated, use `torch.distributed._shard.sharded_tensor` instead
  __import__(name)
I:\source-code\.venv\lib\site-packages\PyInstaller\utils\hooks\__init__.py:665: DeprecationWarning: `torch.distributed._shard.checkpoint` will be deprecated, use `torch.distributed.checkpoint` instead
  __import__(name)
176141 INFO: hook-torch: this torch build does not depend on MKL...
224227 INFO: Processing standard module hook 'hook-torchvision.py' from 'I:\\source-code\\.venv\\lib\\site-packages\\_pyinstaller_hooks_contrib\\stdhooks'
224424 INFO: Processing standard module hook 'hook-torchvision.io.image.py' from 'I:\\source-code\\.venv\\lib\\site-packages\\_pyinstaller_hooks_contrib\\stdhooks'
282799 INFO: Processing pre-safe-import-module hook 'hook-importlib_metadata.py' from 'I:\\source-code\\.venv\\lib\\site-packages\\PyInstaller\\hooks\\pre_safe_import_module'
282884 INFO: Processing standard module hook 'hook-importlib_metadata.py' from 'I:\\source-code\\.venv\\lib\\site-packages\\PyInstaller\\hooks'
283069 INFO: Processing pre-safe-import-module hook 'hook-zipp.py' from 'I:\\source-code\\.venv\\lib\\site-packages\\PyInstaller\\hooks\\pre_safe_import_module'
283182 INFO: Processing standard module hook 'hook-transformers.py' from 'I:\\source-code\\.venv\\lib\\site-packages\\_pyinstaller_hooks_contrib\\stdhooks'
289661 INFO: Processing standard module hook 'hook-regex.py' from 'I:\\source-code\\.venv\\lib\\site-packages\\_pyinstaller_hooks_contrib\\stdhooks'
295605 INFO: Processing standard module hook 'hook-cv2.py' from 'I:\\source-code\\.venv\\lib\\site-packages\\_pyinstaller_hooks_contrib\\stdhooks'
351062 INFO: Processing standard module hook 'hook-urllib3.py' from 'I:\\source-code\\.venv\\lib\\site-packages\\_pyinstaller_hooks_contrib\\stdhooks'
405043 INFO: Processing pre-find-module-path hook 'hook-tkinter.py' from 'I:\\source-code\\.venv\\lib\\site-packages\\PyInstaller\\hooks\\pre_find_module_path'
405062 INFO: TclTkInfo: initializing cached Tcl/Tk info...
408784 INFO: Processing standard module hook 'hook-_tkinter.py' from 'I:\\source-code\\.venv\\lib\\site-packages\\PyInstaller\\hooks'
408975 INFO: Processing standard module hook 'hook-speech_recognition.py' from 'I:\\source-code\\.venv\\lib\\site-packages\\_pyinstaller_hooks_contrib\\stdhooks'
409179 INFO: Processing pre-safe-import-module hook 'hook-tensorflow.py' from 'I:\\source-code\\.venv\\lib\\site-packages\\_pyinstaller_hooks_contrib\\pre_safe_import_module'
435291 INFO: Processing standard module hook 'hook-sounddevice.py' from 'I:\\source-code\\.venv\\lib\\site-packages\\_pyinstaller_hooks_contrib\\stdhooks'
441957 INFO: Processing standard module hook 'hook-pyttsx3.py' from 'I:\\source-code\\.venv\\lib\\site-packages\\_pyinstaller_hooks_contrib\\stdhooks'
444125 INFO: Processing standard module hook 'hook-easyocr.py' from 'I:\\source-code\\.venv\\lib\\site-packages\\_pyinstaller_hooks_contrib\\stdhooks'
444404 INFO: Processing standard module hook 'hook-skimage.py' from 'I:\\source-code\\.venv\\lib\\site-packages\\_pyinstaller_hooks_contrib\\stdhooks'
444948 INFO: Processing standard module hook 'hook-skimage.io.py' from 'I:\\source-code\\.venv\\lib\\site-packages\\_pyinstaller_hooks_contrib\\stdhooks'
452593 INFO: Processing standard module hook 'hook-skimage.exposure.py' from 'I:\\source-code\\.venv\\lib\\site-packages\\_pyinstaller_hooks_contrib\\stdhooks'
457273 INFO: Processing standard module hook 'hook-skimage.color.py' from 'I:\\source-code\\.venv\\lib\\site-packages\\_pyinstaller_hooks_contrib\\stdhooks'
459147 INFO: Processing standard module hook 'hook-shapely.py' from 'I:\\source-code\\.venv\\lib\\site-packages\\_pyinstaller_hooks_contrib\\stdhooks'
460831 INFO: Processing standard module hook 'hook-PySide6.QtMultimedia.py' from 'I:\\source-code\\.venv\\lib\\site-packages\\PyInstaller\\hooks'
480607 INFO: Analyzing hidden import 'PySide6.QtXml'
480686 INFO: Processing standard module hook 'hook-PySide6.QtXml.py' from 'I:\\source-code\\.venv\\lib\\site-packages\\PyInstaller\\hooks'
484651 INFO: Analyzing hidden import 'easyocr.cli'
484699 INFO: Analyzing hidden import 'easyocr.export'
484743 INFO: Analyzing hidden import 'pypandoc'
484938 INFO: Processing module hooks (post-graph stage)...
485328 INFO: Processing standard module hook 'hook-easyocr.py' from 'I:\\source-code\\.venv\\lib\\site-packages\\_pyinstaller_hooks_contrib\\stdhooks'
490036 INFO: Processing standard module hook 'hook-lxml.isoschematron.py' from 'I:\\source-code\\.venv\\lib\\site-packages\\_pyinstaller_hooks_contrib\\stdhooks'
491984 INFO: Processing standard module hook 'hook-comtypes.client.py' from 'I:\\source-code\\.venv\\lib\\site-packages\\_pyinstaller_hooks_contrib\\stdhooks'
508149 INFO: Processing standard module hook 'hook-PIL.SpiderImagePlugin.py' from 'I:\\source-code\\.venv\\lib\\site-packages\\PyInstaller\\hooks'
519740 INFO: Processing standard module hook 'hook-PySide6.QtMultimediaWidgets.py' from 'I:\\source-code\\.venv\\lib\\site-packages\\PyInstaller\\hooks'
525525 INFO: Processing standard module hook 'hook-_tkinter.py' from 'I:\\source-code\\.venv\\lib\\site-packages\\PyInstaller\\hooks'
525552 INFO: Processing standard module hook 'hook-lxml.objectify.py' from 'I:\\source-code\\.venv\\lib\\site-packages\\_pyinstaller_hooks_contrib\\stdhooks'
525554 INFO: Processing standard module hook 'hook-tzdata.py' from 'I:\\source-code\\.venv\\lib\\site-packages\\_pyinstaller_hooks_contrib\\stdhooks'
527384 INFO: Performing binary vs. data reclassification (3194 entries)
539038 INFO: Looking for ctypes DLLs
539359 WARNING: Ignoring /usr/lib64/libgomp.so.1 imported from I:\source-code\.venv\lib\site-packages\torch\_inductor\codecache.py - only basenames are supported with ctypes imports!
540247 INFO: Analyzing run-time hooks ...
540247 INFO: Including custom run-time hook 'I:\\source-code\\hooks\\pre_import_unicodedata.py'
540368 INFO: Including run-time hook 'pyi_rth_multiprocessing.py' from 'I:\\source-code\\.venv\\lib\\site-packages\\PyInstaller\\hooks\\rthooks'
540375 INFO: Including run-time hook 'pyi_rth_pkgutil.py' from 'I:\\source-code\\.venv\\lib\\site-packages\\PyInstaller\\hooks\\rthooks'
540401 INFO: Including run-time hook 'pyi_rth_pywintypes.py' from 'I:\\source-code\\.venv\\lib\\site-packages\\_pyinstaller_hooks_contrib\\rthooks'
540425 INFO: Including run-time hook 'pyi_rth_pythoncom.py' from 'I:\\source-code\\.venv\\lib\\site-packages\\_pyinstaller_hooks_contrib\\rthooks'
540429 INFO: Including run-time hook 'pyi_rth_setuptools.py' from 'I:\\source-code\\.venv\\lib\\site-packages\\PyInstaller\\hooks\\rthooks'
540433 INFO: Including run-time hook 'pyi_rth_inspect.py' from 'I:\\source-code\\.venv\\lib\\site-packages\\PyInstaller\\hooks\\rthooks'
540459 INFO: Including run-time hook 'pyi_rth__tkinter.py' from 'I:\\source-code\\.venv\\lib\\site-packages\\PyInstaller\\hooks\\rthooks'
540465 INFO: Including run-time hook 'pyi_rth_pyside6.py' from 'I:\\source-code\\.venv\\lib\\site-packages\\PyInstaller\\hooks\\rthooks'
540491 INFO: Processing pre-find-module-path hook 'hook-_pyi_rth_utils.py' from 'I:\\source-code\\.venv\\lib\\site-packages\\PyInstaller\\hooks\\pre_find_module_path'
540515 INFO: Processing standard module hook 'hook-_pyi_rth_utils.py' from 'I:\\source-code\\.venv\\lib\\site-packages\\PyInstaller\\hooks'
541248 INFO: Creating base_library.zip...
541386 INFO: Looking for dynamic libraries
I:\source-code\.venv\lib\site-packages\pydub\utils.py:170: RuntimeWarning: Couldn't find ffmpeg or avconv - defaulting to ffmpeg, but may not work
  warn("Couldn't find ffmpeg or avconv - defaulting to ffmpeg, but may not work", RuntimeWarning)
621697 INFO: Extra DLL search directories (AddDllDirectory): ['I:\\source-code\\.venv\\Lib\\site-packages\\shiboken6', 'I:\\source-code\\.venv\\lib\\site-packages\\numpy.libs', 'I:\\source-code\\.venv\\lib\\site-packages\\torch\\lib', 'I:\\source-code\\.venv\\lib\\site-packages\\torchvision', 'I:\\source-code\\.venv\\lib\\site-packages\\torchvision', 'I:\\source-code\\.venv\\lib\\site-packages\\pandas.libs', 'I:\\source-code\\.venv\\lib\\site-packages\\scipy.libs', 'I:\\source-code\\.venv\\lib\\site-packages\\pikepdf.libs', 'I:\\source-code\\.venv\\Lib\\site-packages\\cv2\\../../x64/vc17/bin', 'I:\\source-code\\.venv\\lib\\site-packages\\shapely.libs', 'I:\\source-code\\.venv\\lib\\site-packages']
621738 INFO: Extra DLL search directories (PATH): ['I:\\source-code\\.venv\\Lib\\site-packages\\cv2\\../../x64/vc17/bin', 'I:\\source-code\\.venv\\Lib\\site-packages\\PySide6']
637334 INFO: Warnings written to I:\source-code\build\AllFilesConverterAI\warn-AllFilesConverterAI.txt
641464 INFO: Graph cross-reference written to I:\source-code\build\AllFilesConverterAI\xref-AllFilesConverterAI.html
643093 INFO: checking PYZ
643093 INFO: Building PYZ because PYZ-00.toc is non existent
643094 INFO: Building PYZ (ZlibArchive) I:\source-code\build\AllFilesConverterAI\PYZ-00.pyz
658265 INFO: Building PYZ (ZlibArchive) I:\source-code\build\AllFilesConverterAI\PYZ-00.pyz completed successfully.
658931 INFO: checking PKG
658931 INFO: Building PKG because PKG-00.toc is non existent
658931 INFO: Building PKG (CArchive) AllFilesConverterAI.pkg
659419 INFO: Building PKG (CArchive) AllFilesConverterAI.pkg completed successfully.
659424 INFO: Bootloader I:\source-code\.venv\lib\site-packages\PyInstaller\bootloader\Windows-64bit-intel\runw.exe
659424 INFO: checking EXE
659424 INFO: Building EXE because EXE-00.toc is non existent
659424 INFO: Building EXE from EXE-00.toc
659426 INFO: Copying bootloader EXE to I:\source-code\build\AllFilesConverterAI\AllFilesConverterAI.exe
660378 INFO: Copying icon to EXE
660499 INFO: Copying 0 resources to EXE
660499 INFO: Embedding manifest in EXE
660623 INFO: Appending PKG archive to EXE
660978 INFO: Fixing EXE headers
662685 INFO: Building EXE from EXE-00.toc completed successfully.
663347 INFO: checking COLLECT
663348 INFO: Building COLLECT because COLLECT-00.toc is non existent
663349 INFO: Building COLLECT COLLECT-00.toc
769809 INFO: Building COLLECT COLLECT-00.toc completed successfully.
770574 INFO: Build complete! The results are available in: I:\source-code\dist

============================================================
BUILD COMPLETE!
============================================================

EXE Location: dist\AllFilesConverterAI\AllFilesConverterAI.exe

To run:
  cd dist\AllFilesConverterAI
  AllFilesConverterAI.exe

Press any key to continue . . . 
