============================================================
Building All Files Converter AI - Optimized Build
============================================================


Building with optimized collection (excludes CUDA, tests, unused models)...
This will take 5-8 minutes...

553 INFO: PyInstaller: 6.21.0, contrib hooks: 2026.6
553 INFO: Python: 3.10.11
569 INFO: Platform: Windows-10-10.0.19045-SP0
569 INFO: Python environment: I:\source-code\.venv
569 INFO: wrote I:\source-code\AllFilesConverterAI.spec
29647 INFO: Module search paths (PYTHONPATH):
['I:\\source-code\\.venv\\Scripts\\pyinstaller.exe',
 'C:\\Users\\BAHADUR_ALI\\AppData\\Local\\Programs\\Python\\Python310\\python310.zip',
 'C:\\Users\\BAHADUR_ALI\\AppData\\Local\\Programs\\Python\\Python310\\DLLs',
 'C:\\Users\\BAHADUR_ALI\\AppData\\Local\\Programs\\Python\\Python310\\lib',
 'C:\\Users\\BAHADUR_ALI\\AppData\\Local\\Programs\\Python\\Python310',
 'I:\\source-code\\.venv',
 'I:\\source-code\\.venv\\lib\\site-packages',
 'I:\\source-code\\.venv\\lib\\site-packages\\win32',
 'I:\\source-code\\.venv\\lib\\site-packages\\win32\\lib',
 'I:\\source-code\\.venv\\lib\\site-packages\\pythonwin',
 'I:\\source-code']
385 WARNING: qt_material must be imported after PySide or PyQt!
30401 INFO: Appending 'datas' from .spec
30535 INFO: checking Analysis
30535 INFO: Building Analysis because Analysis-00.toc is non existent
30535 INFO: Looking for Python shared library...
30535 INFO: Using Python shared library: C:\Users\BAHADUR_ALI\AppData\Local\Programs\Python\Python310\python310.dll
30535 INFO: Running Analysis Analysis-00.toc
30535 INFO: Target bytecode optimization level: 0
30535 INFO: Initializing module dependency graph...
30535 INFO: Initializing module graph hook caches...
30602 INFO: Analyzing modules for base_library.zip ...
31791 INFO: Processing standard module hook 'hook-heapq.py' from 'I:\\source-code\\.venv\\lib\\site-packages\\PyInstaller\\hooks'
32294 INFO: Processing standard module hook 'hook-encodings.py' from 'I:\\source-code\\.venv\\lib\\site-packages\\PyInstaller\\hooks'
32931 INFO: Processing standard module hook 'hook-math.py' from 'I:\\source-code\\.venv\\lib\\site-packages\\PyInstaller\\hooks'
33719 INFO: Processing standard module hook 'hook-unicodedata.py' from 'I:\\source-code\\hooks'
35059 INFO: Processing standard module hook 'hook-pickle.py' from 'I:\\source-code\\.venv\\lib\\site-packages\\PyInstaller\\hooks'
36937 INFO: Caching module dependency graph...
37037 INFO: Analyzing I:\source-code\main.py
37053 INFO: Processing standard module hook 'hook-PySide6.py' from 'I:\\source-code\\.venv\\lib\\site-packages\\PyInstaller\\hooks'
37506 INFO: Processing standard module hook 'hook-shiboken6.py' from 'I:\\source-code\\.venv\\lib\\site-packages\\PyInstaller\\hooks'
37808 INFO: Processing standard module hook 'hook-PySide6.QtNetwork.py' from 'I:\\source-code\\.venv\\lib\\site-packages\\PyInstaller\\hooks'
41177 INFO: Processing standard module hook 'hook-PySide6.QtCore.py' from 'I:\\source-code\\.venv\\lib\\site-packages\\PyInstaller\\hooks'
45282 INFO: Processing standard module hook 'hook-PySide6.QtWidgets.py' from 'I:\\source-code\\.venv\\lib\\site-packages\\PyInstaller\\hooks'
49975 INFO: Processing standard module hook 'hook-PySide6.QtGui.py' from 'I:\\source-code\\.venv\\lib\\site-packages\\PyInstaller\\hooks'
77235 INFO: Processing standard module hook 'hook-imageio_ffmpeg.py' from 'I:\\source-code\\.venv\\lib\\site-packages\\_pyinstaller_hooks_contrib\\stdhooks'
77297 INFO: Processing standard module hook 'hook-platform.py' from 'I:\\source-code\\.venv\\lib\\site-packages\\PyInstaller\\hooks'
77626 INFO: Processing standard module hook 'hook-docx.py' from 'I:\\source-code\\.venv\\lib\\site-packages\\_pyinstaller_hooks_contrib\\stdhooks'
77862 INFO: Processing pre-safe-import-module hook 'hook-typing_extensions.py' from 'I:\\source-code\\.venv\\lib\\site-packages\\PyInstaller\\hooks\\pre_safe_import_module'
77862 INFO: SetuptoolsInfo: initializing cached setuptools info...
79487 INFO: Processing standard module hook 'hook-multiprocessing.util.py' from 'I:\\source-code\\.venv\\lib\\site-packages\\PyInstaller\\hooks'
79720 INFO: Processing standard module hook 'hook-xml.py' from 'I:\\source-code\\.venv\\lib\\site-packages\\PyInstaller\\hooks'
80104 INFO: Processing standard module hook 'hook-_ctypes.py' from 'I:\\source-code\\.venv\\lib\\site-packages\\PyInstaller\\hooks'
80643 INFO: Processing standard module hook 'hook-lxml.py' from 'I:\\source-code\\.venv\\lib\\site-packages\\_pyinstaller_hooks_contrib\\stdhooks'
81247 INFO: Processing standard module hook 'hook-lxml.etree.py' from 'I:\\source-code\\.venv\\lib\\site-packages\\_pyinstaller_hooks_contrib\\stdhooks'
82571 INFO: Processing standard module hook 'hook-xml.dom.domreg.py' from 'I:\\source-code\\.venv\\lib\\site-packages\\PyInstaller\\hooks'
83208 INFO: Processing standard module hook 'hook-PIL.py' from 'I:\\source-code\\.venv\\lib\\site-packages\\PyInstaller\\hooks'
83359 INFO: Processing standard module hook 'hook-PIL.Image.py' from 'I:\\source-code\\.venv\\lib\\site-packages\\PyInstaller\\hooks'
83895 INFO: Processing standard module hook 'hook-numpy.py' from 'I:\\source-code\\.venv\\lib\\site-packages\\PyInstaller\\hooks'
84564 INFO: Processing standard module hook 'hook-sysconfig.py' from 'I:\\source-code\\.venv\\lib\\site-packages\\PyInstaller\\hooks'
84800 INFO: Processing standard module hook 'hook-webbrowser.py' from 'I:\\source-code\\.venv\\lib\\site-packages\\PyInstaller\\hooks'
85687 INFO: Processing standard module hook 'hook-difflib.py' from 'I:\\source-code\\.venv\\lib\\site-packages\\PyInstaller\\hooks'
86225 INFO: Processing standard module hook 'hook-psutil.py' from 'I:\\source-code\\.venv\\lib\\site-packages\\_pyinstaller_hooks_contrib\\stdhooks'
88018 INFO: Processing standard module hook 'hook-charset_normalizer.py' from 'I:\\source-code\\.venv\\lib\\site-packages\\_pyinstaller_hooks_contrib\\stdhooks'
88655 INFO: Processing standard module hook 'hook-xml.etree.cElementTree.py' from 'I:\\source-code\\.venv\\lib\\site-packages\\PyInstaller\\hooks'
89141 INFO: Processing standard module hook 'hook-PIL.ImageFilter.py' from 'I:\\source-code\\.venv\\lib\\site-packages\\PyInstaller\\hooks'
90079 INFO: Processing standard module hook 'hook-reportlab.lib.utils.py' from 'I:\\source-code\\.venv\\lib\\site-packages\\_pyinstaller_hooks_contrib\\stdhooks'
90247 INFO: Processing standard module hook 'hook-reportlab.pdfbase._fontdata.py' from 'I:\\source-code\\.venv\\lib\\site-packages\\_pyinstaller_hooks_contrib\\stdhooks'
94219 INFO: Processing standard module hook 'hook-openpyxl.py' from 'I:\\source-code\\.venv\\lib\\site-packages\\_pyinstaller_hooks_contrib\\stdhooks'
95927 INFO: Processing standard module hook 'hook-pptx.py' from 'I:\\source-code\\.venv\\lib\\site-packages\\_pyinstaller_hooks_contrib\\stdhooks'
97788 INFO: Processing pre-safe-import-module hook 'hook-packaging.py' from 'I:\\source-code\\.venv\\lib\\site-packages\\PyInstaller\\hooks\\pre_safe_import_module'
99196 INFO: Processing standard module hook 'hook-pandas.py' from 'I:\\source-code\\.venv\\lib\\site-packages\\PyInstaller\\hooks'
102196 INFO: Processing standard module hook 'hook-pytz.py' from 'I:\\source-code\\.venv\\lib\\site-packages\\PyInstaller\\hooks'
106201 INFO: Processing standard module hook 'hook-pandas.io.formats.style.py' from 'I:\\source-code\\.venv\\lib\\site-packages\\PyInstaller\\hooks'
109570 INFO: Processing standard module hook 'hook-pandas.plotting.py' from 'I:\\source-code\\.venv\\lib\\site-packages\\PyInstaller\\hooks'
111228 INFO: Processing standard module hook 'hook-sqlite3.py' from 'I:\\source-code\\.venv\\lib\\site-packages\\PyInstaller\\hooks'
111749 INFO: Processing standard module hook 'hook-pandas.io.clipboard.py' from 'I:\\source-code\\.venv\\lib\\site-packages\\PyInstaller\\hooks'
112167 INFO: Processing standard module hook 'hook-dateutil.py' from 'I:\\source-code\\.venv\\lib\\site-packages\\_pyinstaller_hooks_contrib\\stdhooks'
112520 INFO: Processing pre-safe-import-module hook 'hook-six.moves.py' from 'I:\\source-code\\.venv\\lib\\site-packages\\PyInstaller\\hooks\\pre_safe_import_module'
112905 INFO: Processing standard module hook 'hook-fsspec.py' from 'I:\\source-code\\.venv\\lib\\site-packages\\_pyinstaller_hooks_contrib\\stdhooks'
113710 INFO: Processing pre-safe-import-module hook 'hook-importlib_resources.py' from 'I:\\source-code\\.venv\\lib\\site-packages\\PyInstaller\\hooks\\pre_safe_import_module'
114181 INFO: Processing pre-safe-import-module hook 'hook-backports.py' from 'I:\\source-code\\.venv\\lib\\site-packages\\PyInstaller\\hooks\\pre_safe_import_module'
114196 INFO: Setuptools: 'backports' appears to be a full setuptools-vendored copy - creating alias to 'setuptools._vendor.backports'!
114196 INFO: Processing standard module hook 'hook-setuptools.py' from 'I:\\source-code\\.venv\\lib\\site-packages\\PyInstaller\\hooks'
114212 INFO: Processing pre-safe-import-module hook 'hook-distutils.py' from 'I:\\source-code\\.venv\\lib\\site-packages\\PyInstaller\\hooks\\pre_safe_import_module'
114212 INFO: Processing pre-find-module-path hook 'hook-distutils.py' from 'I:\\source-code\\.venv\\lib\\site-packages\\PyInstaller\\hooks\\pre_find_module_path'
114831 INFO: Processing standard module hook 'hook-distutils.py' from 'I:\\source-code\\.venv\\lib\\site-packages\\PyInstaller\\hooks'
114849 INFO: Processing standard module hook 'hook-distutils.util.py' from 'I:\\source-code\\.venv\\lib\\site-packages\\PyInstaller\\hooks'
114916 INFO: Processing standard module hook 'hook-_osx_support.py' from 'I:\\source-code\\.venv\\lib\\site-packages\\PyInstaller\\hooks'
115182 INFO: Processing pre-safe-import-module hook 'hook-jaraco.py' from 'I:\\source-code\\.venv\\lib\\site-packages\\PyInstaller\\hooks\\pre_safe_import_module'
115182 INFO: Setuptools: 'jaraco' appears to be a full setuptools-vendored copy - creating alias to 'setuptools._vendor.jaraco'!
115184 INFO: Processing standard module hook 'hook-setuptools._vendor.jaraco.text.py' from 'I:\\source-code\\.venv\\lib\\site-packages\\PyInstaller\\hooks'
115469 INFO: Processing pre-safe-import-module hook 'hook-more_itertools.py' from 'I:\\source-code\\.venv\\lib\\site-packages\\PyInstaller\\hooks\\pre_safe_import_module'
115469 INFO: Setuptools: 'more_itertools' appears to be a setuptools-vendored copy - creating alias to 'setuptools._vendor.more_itertools'!
115989 INFO: Processing pre-safe-import-module hook 'hook-tomli.py' from 'I:\\source-code\\.venv\\lib\\site-packages\\PyInstaller\\hooks\\pre_safe_import_module'
116977 INFO: Processing pre-safe-import-module hook 'hook-wheel.py' from 'I:\\source-code\\.venv\\lib\\site-packages\\PyInstaller\\hooks\\pre_safe_import_module'
116977 INFO: Setuptools: 'wheel' appears to be a setuptools-vendored copy - creating alias to 'setuptools._vendor.wheel'!
122273 INFO: Processing pre-safe-import-module hook 'hook-win32com.py' from 'I:\\source-code\\.venv\\lib\\site-packages\\_pyinstaller_hooks_contrib\\pre_safe_import_module'
122491 INFO: Processing standard module hook 'hook-win32com.py' from 'I:\\source-code\\.venv\\lib\\site-packages\\_pyinstaller_hooks_contrib\\stdhooks'
122491 INFO: Processing standard module hook 'hook-pythoncom.py' from 'I:\\source-code\\.venv\\lib\\site-packages\\_pyinstaller_hooks_contrib\\stdhooks'
122659 INFO: Processing standard module hook 'hook-pywintypes.py' from 'I:\\source-code\\.venv\\lib\\site-packages\\_pyinstaller_hooks_contrib\\stdhooks'
124167 INFO: Processing standard module hook 'hook-imageio.py' from 'I:\\source-code\\.venv\\lib\\site-packages\\_pyinstaller_hooks_contrib\\stdhooks'
126831 INFO: Processing standard module hook 'hook-certifi.py' from 'I:\\source-code\\.venv\\lib\\site-packages\\_pyinstaller_hooks_contrib\\stdhooks'
127065 INFO: Processing standard module hook 'hook-anyio.py' from 'I:\\source-code\\.venv\\lib\\site-packages\\_pyinstaller_hooks_contrib\\stdhooks'
129262 INFO: Processing standard module hook 'hook-pygments.py' from 'I:\\source-code\\.venv\\lib\\site-packages\\PyInstaller\\hooks'
131304 INFO: Processing standard module hook 'hook-rich.py' from 'I:\\source-code\\.venv\\lib\\site-packages\\_pyinstaller_hooks_contrib\\stdhooks'
133970 INFO: Processing standard module hook 'hook-pydantic.py' from 'I:\\source-code\\.venv\\lib\\site-packages\\_pyinstaller_hooks_contrib\\stdhooks'
135294 INFO: Processing standard module hook 'hook-zoneinfo.py' from 'I:\\source-code\\.venv\\lib\\site-packages\\_pyinstaller_hooks_contrib\\stdhooks'
138345 INFO: Processing standard module hook 'hook-jinja2.py' from 'I:\\source-code\\.venv\\lib\\site-packages\\_pyinstaller_hooks_contrib\\stdhooks'
139083 INFO: Processing standard module hook 'hook-torch.py' from 'I:\\source-code\\.venv\\lib\\site-packages\\_pyinstaller_hooks_contrib\\stdhooks'
9855 WARNING: Failed to collect submodules for 'torch.utils.tensorboard' because importing 'torch.utils.tensorboard' raised: ModuleNotFoundError: No module named 'tensorboard'
I:\source-code\.venv\lib\site-packages\PyInstaller\utils\hooks\__init__.py:665: DeprecationWarning: `torch.distributed._sharding_spec` will be deprecated, use `torch.distributed._shard.sharding_spec` instead
  __import__(name)
I:\source-code\.venv\lib\site-packages\PyInstaller\utils\hooks\__init__.py:665: DeprecationWarning: `torch.distributed._sharded_tensor` will be deprecated, use `torch.distributed._shard.sharded_tensor` instead
  __import__(name)
I:\source-code\.venv\lib\site-packages\PyInstaller\utils\hooks\__init__.py:665: DeprecationWarning: `torch.distributed._shard.checkpoint` will be deprecated, use `torch.distributed.checkpoint` instead
  __import__(name)
177562 INFO: hook-torch: this torch build does not depend on MKL...
229331 INFO: Processing standard module hook 'hook-torchvision.py' from 'I:\\source-code\\.venv\\lib\\site-packages\\_pyinstaller_hooks_contrib\\stdhooks'
229683 INFO: Processing standard module hook 'hook-torchvision.io.image.py' from 'I:\\source-code\\.venv\\lib\\site-packages\\_pyinstaller_hooks_contrib\\stdhooks'
293937 INFO: Processing pre-safe-import-module hook 'hook-importlib_metadata.py' from 'I:\\source-code\\.venv\\lib\\site-packages\\PyInstaller\\hooks\\pre_safe_import_module'
294004 INFO: Processing standard module hook 'hook-importlib_metadata.py' from 'I:\\source-code\\.venv\\lib\\site-packages\\PyInstaller\\hooks'
294071 INFO: Processing pre-safe-import-module hook 'hook-zipp.py' from 'I:\\source-code\\.venv\\lib\\site-packages\\PyInstaller\\hooks\\pre_safe_import_module'
294172 INFO: Processing standard module hook 'hook-transformers.py' from 'I:\\source-code\\.venv\\lib\\site-packages\\_pyinstaller_hooks_contrib\\stdhooks'
301449 INFO: Processing standard module hook 'hook-regex.py' from 'I:\\source-code\\.venv\\lib\\site-packages\\_pyinstaller_hooks_contrib\\stdhooks'
309273 INFO: Processing standard module hook 'hook-cv2.py' from 'I:\\source-code\\.venv\\lib\\site-packages\\_pyinstaller_hooks_contrib\\stdhooks'
368472 INFO: Processing standard module hook 'hook-urllib3.py' from 'I:\\source-code\\.venv\\lib\\site-packages\\_pyinstaller_hooks_contrib\\stdhooks'
399471 INFO: Processing pre-find-module-path hook 'hook-tkinter.py' from 'I:\\source-code\\.venv\\lib\\site-packages\\PyInstaller\\hooks\\pre_find_module_path'
399476 INFO: TclTkInfo: initializing cached Tcl/Tk info...
401312 INFO: Processing standard module hook 'hook-_tkinter.py' from 'I:\\source-code\\.venv\\lib\\site-packages\\PyInstaller\\hooks'
401505 INFO: Processing standard module hook 'hook-speech_recognition.py' from 'I:\\source-code\\.venv\\lib\\site-packages\\_pyinstaller_hooks_contrib\\stdhooks'
401675 INFO: Processing pre-safe-import-module hook 'hook-tensorflow.py' from 'I:\\source-code\\.venv\\lib\\site-packages\\_pyinstaller_hooks_contrib\\pre_safe_import_module'
413406 INFO: Processing standard module hook 'hook-sounddevice.py' from 'I:\\source-code\\.venv\\lib\\site-packages\\_pyinstaller_hooks_contrib\\stdhooks'
421018 INFO: Processing standard module hook 'hook-pyttsx3.py' from 'I:\\source-code\\.venv\\lib\\site-packages\\_pyinstaller_hooks_contrib\\stdhooks'
423123 INFO: Processing standard module hook 'hook-easyocr.py' from 'I:\\source-code\\.venv\\lib\\site-packages\\_pyinstaller_hooks_contrib\\stdhooks'
423402 INFO: Processing standard module hook 'hook-skimage.py' from 'I:\\source-code\\.venv\\lib\\site-packages\\_pyinstaller_hooks_contrib\\stdhooks'
423967 INFO: Processing standard module hook 'hook-skimage.io.py' from 'I:\\source-code\\.venv\\lib\\site-packages\\_pyinstaller_hooks_contrib\\stdhooks'
431151 INFO: Processing standard module hook 'hook-skimage.exposure.py' from 'I:\\source-code\\.venv\\lib\\site-packages\\_pyinstaller_hooks_contrib\\stdhooks'
435392 INFO: Processing standard module hook 'hook-skimage.color.py' from 'I:\\source-code\\.venv\\lib\\site-packages\\_pyinstaller_hooks_contrib\\stdhooks'
437205 INFO: Processing standard module hook 'hook-shapely.py' from 'I:\\source-code\\.venv\\lib\\site-packages\\_pyinstaller_hooks_contrib\\stdhooks'
439005 INFO: Processing standard module hook 'hook-PySide6.QtMultimedia.py' from 'I:\\source-code\\.venv\\lib\\site-packages\\PyInstaller\\hooks'
456674 INFO: Analyzing hidden import 'PySide6.QtXml'
456752 INFO: Processing standard module hook 'hook-PySide6.QtXml.py' from 'I:\\source-code\\.venv\\lib\\site-packages\\PyInstaller\\hooks'
460716 INFO: Analyzing hidden import 'easyocr.cli'
460746 INFO: Analyzing hidden import 'easyocr.export'
460779 INFO: Analyzing hidden import 'pypandoc'
460938 INFO: Processing module hooks (post-graph stage)...
461426 INFO: Processing standard module hook 'hook-easyocr.py' from 'I:\\source-code\\.venv\\lib\\site-packages\\_pyinstaller_hooks_contrib\\stdhooks'
466283 INFO: Processing standard module hook 'hook-lxml.isoschematron.py' from 'I:\\source-code\\.venv\\lib\\site-packages\\_pyinstaller_hooks_contrib\\stdhooks'
467603 INFO: Processing standard module hook 'hook-comtypes.client.py' from 'I:\\source-code\\.venv\\lib\\site-packages\\_pyinstaller_hooks_contrib\\stdhooks'
486340 INFO: Processing standard module hook 'hook-PIL.SpiderImagePlugin.py' from 'I:\\source-code\\.venv\\lib\\site-packages\\PyInstaller\\hooks'
497706 INFO: Processing standard module hook 'hook-PySide6.QtMultimediaWidgets.py' from 'I:\\source-code\\.venv\\lib\\site-packages\\PyInstaller\\hooks'
503490 INFO: Processing standard module hook 'hook-_tkinter.py' from 'I:\\source-code\\.venv\\lib\\site-packages\\PyInstaller\\hooks'
503515 INFO: Processing standard module hook 'hook-lxml.objectify.py' from 'I:\\source-code\\.venv\\lib\\site-packages\\_pyinstaller_hooks_contrib\\stdhooks'
503518 INFO: Processing standard module hook 'hook-tzdata.py' from 'I:\\source-code\\.venv\\lib\\site-packages\\_pyinstaller_hooks_contrib\\stdhooks'
505257 INFO: Performing binary vs. data reclassification (3144 entries)
530869 INFO: Looking for ctypes DLLs
531199 WARNING: Ignoring /usr/lib64/libgomp.so.1 imported from I:\source-code\.venv\lib\site-packages\torch\_inductor\codecache.py - only basenames are supported with ctypes imports!
531943 INFO: Analyzing run-time hooks ...
531944 INFO: Including custom run-time hook 'I:\\source-code\\hooks\\pre_import_unicodedata.py'
532065 INFO: Including run-time hook 'pyi_rth_multiprocessing.py' from 'I:\\source-code\\.venv\\lib\\site-packages\\PyInstaller\\hooks\\rthooks'
532093 INFO: Including run-time hook 'pyi_rth_pkgutil.py' from 'I:\\source-code\\.venv\\lib\\site-packages\\PyInstaller\\hooks\\rthooks'
532120 INFO: Including run-time hook 'pyi_rth_pywintypes.py' from 'I:\\source-code\\.venv\\lib\\site-packages\\_pyinstaller_hooks_contrib\\rthooks'
532140 INFO: Including run-time hook 'pyi_rth_pythoncom.py' from 'I:\\source-code\\.venv\\lib\\site-packages\\_pyinstaller_hooks_contrib\\rthooks'
532144 INFO: Including run-time hook 'pyi_rth_setuptools.py' from 'I:\\source-code\\.venv\\lib\\site-packages\\PyInstaller\\hooks\\rthooks'
532167 INFO: Including run-time hook 'pyi_rth_inspect.py' from 'I:\\source-code\\.venv\\lib\\site-packages\\PyInstaller\\hooks\\rthooks'
532203 INFO: Including run-time hook 'pyi_rth__tkinter.py' from 'I:\\source-code\\.venv\\lib\\site-packages\\PyInstaller\\hooks\\rthooks'
532226 INFO: Including run-time hook 'pyi_rth_pyside6.py' from 'I:\\source-code\\.venv\\lib\\site-packages\\PyInstaller\\hooks\\rthooks'
532249 INFO: Processing pre-find-module-path hook 'hook-_pyi_rth_utils.py' from 'I:\\source-code\\.venv\\lib\\site-packages\\PyInstaller\\hooks\\pre_find_module_path'
532273 INFO: Processing standard module hook 'hook-_pyi_rth_utils.py' from 'I:\\source-code\\.venv\\lib\\site-packages\\PyInstaller\\hooks'
533037 INFO: Creating base_library.zip...
533178 INFO: Looking for dynamic libraries
I:\source-code\.venv\lib\site-packages\pydub\utils.py:170: RuntimeWarning: Couldn't find ffmpeg or avconv - defaulting to ffmpeg, but may not work
  warn("Couldn't find ffmpeg or avconv - defaulting to ffmpeg, but may not work", RuntimeWarning)
619716 INFO: Extra DLL search directories (AddDllDirectory): ['I:\\source-code\\.venv\\Lib\\site-packages\\shiboken6', 'I:\\source-code\\.venv\\lib\\site-packages\\numpy.libs', 'I:\\source-code\\.venv\\lib\\site-packages\\torch\\lib', 'I:\\source-code\\.venv\\lib\\site-packages\\torchvision', 'I:\\source-code\\.venv\\lib\\site-packages\\torchvision', 'I:\\source-code\\.venv\\lib\\site-packages\\pandas.libs', 'I:\\source-code\\.venv\\lib\\site-packages\\scipy.libs', 'I:\\source-code\\.venv\\lib\\site-packages\\pikepdf.libs', 'I:\\source-code\\.venv\\Lib\\site-packages\\cv2\\../../x64/vc17/bin', 'I:\\source-code\\.venv\\lib\\site-packages\\shapely.libs', 'I:\\source-code\\.venv\\lib\\site-packages']
619747 INFO: Extra DLL search directories (PATH): ['I:\\source-code\\.venv\\Lib\\site-packages\\cv2\\../../x64/vc17/bin', 'I:\\source-code\\.venv\\Lib\\site-packages\\PySide6']
635399 INFO: Warnings written to I:\source-code\build\AllFilesConverterAI\warn-AllFilesConverterAI.txt
639766 INFO: Graph cross-reference written to I:\source-code\build\AllFilesConverterAI\xref-AllFilesConverterAI.html
641172 INFO: checking PYZ
641173 INFO: Building PYZ because PYZ-00.toc is non existent
641173 INFO: Building PYZ (ZlibArchive) I:\source-code\build\AllFilesConverterAI\PYZ-00.pyz
658839 INFO: Building PYZ (ZlibArchive) I:\source-code\build\AllFilesConverterAI\PYZ-00.pyz completed successfully.
659774 INFO: checking PKG
659777 INFO: Building PKG because PKG-00.toc is non existent
659777 INFO: Building PKG (CArchive) AllFilesConverterAI.pkg
664093 INFO: Building PKG (CArchive) AllFilesConverterAI.pkg completed successfully.
664121 INFO: Bootloader I:\source-code\.venv\lib\site-packages\PyInstaller\bootloader\Windows-64bit-intel\runw.exe
664121 INFO: checking EXE
664121 INFO: Building EXE because EXE-00.toc is non existent
664127 INFO: Building EXE from EXE-00.toc
664139 INFO: Copying bootloader EXE to I:\source-code\build\AllFilesConverterAI\AllFilesConverterAI.exe
665382 INFO: Copying icon to EXE
665553 INFO: Copying 0 resources to EXE
665553 INFO: Embedding manifest in EXE
665701 INFO: Appending PKG archive to EXE
666622 INFO: Fixing EXE headers
674616 INFO: Building EXE from EXE-00.toc completed successfully.
675025 INFO: checking COLLECT
675025 INFO: Building COLLECT because COLLECT-00.toc is non existent
675036 INFO: Building COLLECT COLLECT-00.toc
762016 INFO: Building COLLECT COLLECT-00.toc completed successfully.
762945 INFO: Build complete! The results are available in: I:\source-code\dist

============================================================
BUILD COMPLETE!
============================================================

EXE Location: dist\AllFilesConverterAI\AllFilesConverterAI.exe

To run:
  cd dist\AllFilesConverterAI
  AllFilesConverterAI.exe

Press any key to continue . . . 
